 zlibwapi

 Timestamp is 4be73c88 (Mon May 10 00:51:52 2010)

 Preferred load address is 0000000180000000

 Start         Length     Name                   Class
 0001:00000000 0000f16aH .text                   CODE
 0001:0000f170 00000343H .text$x                 CODE
 0001:0000f4c0 00001b3eH .text$zy                CODE
 0001:00011000 00009a0fH .text$zz                CODE
 0002:00000000 00000230H .idata$5                DATA
 0002:00000230 00000008H .CRT$XCA                DATA
 0002:00000238 00000008H .CRT$XCZ                DATA
 0002:00000240 00000008H .CRT$XIA                DATA
 0002:00000248 00000018H .CRT$XIC                DATA
 0002:00000260 00000008H .CRT$XIZ                DATA
 0002:00000268 00000008H .CRT$XPA                DATA
 0002:00000270 00000008H .CRT$XPX                DATA
 0002:00000278 00000008H .CRT$XPXA               DATA
 0002:00000280 00000008H .CRT$XPZ                DATA
 0002:00000288 00000008H .CRT$XTA                DATA
 0002:00000290 00000008H .CRT$XTZ                DATA
 0002:000002a0 00006030H .rdata                  DATA
 0002:000062d0 00000008H .rtc$IAA                DATA
 0002:000062d8 00000008H .rtc$IZZ                DATA
 0002:000062e0 00000008H .rtc$TAA                DATA
 0002:000062e8 00000008H .rtc$TZZ                DATA
 0002:000062f0 00001420H .xdata                  DATA
 0002:00007710 00000014H .idata$2                DATA
 0002:00007724 00000014H .idata$3                DATA
 0002:00007738 00000230H .idata$4                DATA
 0002:00007968 000004e6H .idata$6                DATA
 0002:00007e50 00000b9dH .edata                  DATA
 0003:00000000 00001560H .data                   DATA
 0003:00001560 000022b8H .bss                    DATA
 0004:00000000 000014e8H .pdata                  DATA
 0005:00000000 00000058H .rsrc$01                DATA
 0005:00000060 00000330H .rsrc$02                DATA

  Address         Publics by Value              Rva+Base               Lib:Object

 0000:00000000       ___safe_se_handler_table   0000000000000000     <absolute>
 0000:00000000       ___safe_se_handler_count   0000000000000000     <absolute>
 0000:00000000       __ImageBase                0000000180000000     <linker-defined>
 0001:00000080       deflate                    0000000180001080 f   deflate.obj
 0001:000005d0       inflate_fast               00000001800015d0 f   inffas8664.obj
 0001:00000740       inflate                    0000000180001740 f   inflate.obj
 0001:00001690       inflate_table              0000000180002690 f   inftrees.obj
 0001:00001ae0       adler32                    0000000180002ae0 f   adler32.obj
 0001:000024f0       _tr_flush_block            00000001800034f0 f   trees.obj
 0001:000038a0       zcalloc                    00000001800048a0 f   zutil.obj
 0001:000038b0       deflateInit2_              00000001800048b0 f   deflate.obj
 0001:00003b20       deflateReset               0000000180004b20 f   deflate.obj
 0001:00003be0       _tr_init                   0000000180004be0 f   trees.obj
 0001:00003da0       inflateInit2_              0000000180004da0 f   inflate.obj
 0001:00003e70       inflateReset2              0000000180004e70 f   inflate.obj
 0001:00003f00       inflateReset               0000000180004f00 f   inflate.obj
 0001:00003f80       inflateInit_               0000000180004f80 f   inflate.obj
 0001:00003f90       deflateInit_               0000000180004f90 f   deflate.obj
 0001:00004060       deflateEnd                 0000000180005060 f   deflate.obj
 0001:00004110       zcfree                     0000000180005110 f   zutil.obj
 0001:00004120       inflateEnd                 0000000180005120 f   inflate.obj
 0001:00004180       longest_match              0000000180005180 f   gvmat64.obj
 0001:00004459       match_init                 0000000180005459 f   gvmat64.obj
 0001:00004460       inffas8664fnc              0000000180005460 f   inffasx64.obj
 0001:00004778       sprintf                    0000000180005778 f   LIBCMT:sprintf.obj
 0001:00004818       free                       0000000180005818 f   LIBCMT:free.obj
 0001:00004858       malloc                     0000000180005858 f   LIBCMT:malloc.obj
 0001:00004910       strerror                   0000000180005910 f   LIBCMT:strerror.obj
 0001:000049ac       memchr                     00000001800059ac f   LIBCMT:memchr.obj
 0001:000049c8       _get_errno_from_oserr      00000001800059c8 f   LIBCMT:dosmap.obj
 0001:00004a10       _errno                     0000000180005a10 f   LIBCMT:dosmap.obj
 0001:00004a30       __doserrno                 0000000180005a30 f   LIBCMT:dosmap.obj
 0001:00004a50       _dosmaperr                 0000000180005a50 f   LIBCMT:dosmap.obj
 0001:00004a98       _vsnprintf_l               0000000180005a98 f   LIBCMT:vsnprint.obj
 0001:00004b64       _vsnprintf                 0000000180005b64 f   LIBCMT:vsnprint.obj
 0001:00004b7c       _ftelli64_nolock           0000000180005b7c f   LIBCMT:ftelli64.obj
 0001:00004e6c       _ftelli64                  0000000180005e6c f   LIBCMT:ftelli64.obj
 0001:00004ec8       _fseeki64_nolock           0000000180005ec8 f   LIBCMT:fseeki64.obj
 0001:00004f94       _fseeki64                  0000000180005f94 f   LIBCMT:fseeki64.obj
 0001:00005010       _fsopen                    0000000180006010 f   LIBCMT:fopen.obj
 0001:000050e8       fopen                      00000001800060e8 f   LIBCMT:fopen.obj
 0001:000050f4       _fread_nolock_s            00000001800060f4 f   LIBCMT:fread.obj
 0001:0000532c       fread_s                    000000018000632c f   LIBCMT:fread.obj
 0001:000053d4       fread                      00000001800063d4 f   LIBCMT:fread.obj
 0001:000053f4       ferror                     00000001800063f4 f   LIBCMT:feoferr.obj
 0001:0000541c       _fwrite_nolock             000000018000641c f   LIBCMT:fwrite.obj
 0001:000055a8       fwrite                     00000001800065a8 f   LIBCMT:fwrite.obj
 0001:00005638       _fclose_nolock             0000000180006638 f   LIBCMT:fclose.obj
 0001:000056b4       fclose                     00000001800066b4 f   LIBCMT:fclose.obj
 0001:0000571c       srand                      000000018000671c f   LIBCMT:rand.obj
 0001:00005734       rand                       0000000180006734 f   LIBCMT:rand.obj
 0001:00005760       _time64                    0000000180006760 f   LIBCMT:time64.obj
 0001:000057c0       _CRT_INIT                  00000001800067c0 f   LIBCMT:dllcrt0.obj
 0001:00005a30       _DllMainCRTStartup         0000000180006a30 f   LIBCMT:dllcrt0.obj
 0001:00005a70       _flsbuf                    0000000180006a70 f   LIBCMT:_flsbuf.obj
 0001:00005c00       ??0_LocaleUpdate@@QEAA@PEAUlocaleinfo_struct@@@Z 0000000180006c00 f i LIBCMT:output.obj
 0001:00005de8       _output_l                  0000000180006de8 f   LIBCMT:output.obj
 0001:0000684c       _initp_misc_invarg         000000018000784c f   LIBCMT:invarg.obj
 0001:00006854       _call_reportfault          0000000180007854 f   LIBCMT:invarg.obj
 0001:000069a0       _invoke_watson             00000001800079a0 f   LIBCMT:invarg.obj
 0001:000069d4       _invalid_parameter         00000001800079d4 f   LIBCMT:invarg.obj
 0001:00006a44       _invalid_parameter_noinfo  0000000180007a44 f   LIBCMT:invarg.obj
 0001:00006a80       memset                     0000000180007a80 f   LIBCMT:memset.obj
 0001:00006b6c       _heap_init                 0000000180007b6c f   LIBCMT:heapinit.obj
 0001:00006bc4       _heap_term                 0000000180007bc4 f   LIBCMT:heapinit.obj
 0001:00006be4       __crtCorExitProcess        0000000180007be4 f   LIBCMT:crt0dat.obj
 0001:00006c20       __crtExitProcess           0000000180007c20 f   LIBCMT:crt0dat.obj
 0001:00006c38       _lockexit                  0000000180007c38 f   LIBCMT:crt0dat.obj
 0001:00006c44       _unlockexit                0000000180007c44 f   LIBCMT:crt0dat.obj
 0001:00006c50       _init_pointers             0000000180007c50 f   LIBCMT:crt0dat.obj
 0001:00006cc8       _initterm_e                0000000180007cc8 f   LIBCMT:crt0dat.obj
 0001:00006d04       _cinit                     0000000180007d04 f   LIBCMT:crt0dat.obj
 0001:00006f44       _exit                      0000000180007f44 f   LIBCMT:crt0dat.obj
 0001:00006f50       _cexit                     0000000180007f50 f   LIBCMT:crt0dat.obj
 0001:00006f60       _amsg_exit                 0000000180007f60 f   LIBCMT:crt0dat.obj
 0001:00006f88       _GET_RTERRMSG              0000000180007f88 f   LIBCMT:crt0msg.obj
 0001:00006fb4       _NMSG_WRITE                0000000180007fb4 f   LIBCMT:crt0msg.obj
 0001:00007214       _FF_MSGBANNER              0000000180008214 f   LIBCMT:crt0msg.obj
 0001:00007258       _initp_heap_handler        0000000180008258 f   LIBCMT:handler.obj
 0001:00007260       _callnewh                  0000000180008260 f   LIBCMT:handler.obj
 0001:00007294       __sys_nerr                 0000000180008294 f   LIBCMT:syserr.obj
 0001:0000729c       __sys_errlist              000000018000829c f   LIBCMT:syserr.obj
 0001:000072a4       strcpy_s                   00000001800082a4 f   LIBCMT:strcpy_s.obj
 0001:00007308       _malloc_crt                0000000180008308 f   LIBCMT:crtheap.obj
 0001:00007388       _calloc_crt                0000000180008388 f   LIBCMT:crtheap.obj
 0001:0000740c       _realloc_crt               000000018000840c f   LIBCMT:crtheap.obj
 0001:00007494       _encoded_null              0000000180008494 f   LIBCMT:tidtable.obj
 0001:000074a0       __set_flsgetvalue          00000001800084a0 f   LIBCMT:tidtable.obj
 0001:000074a4       _mtterm                    00000001800084a4 f   LIBCMT:tidtable.obj
 0001:000074cc       _initptd                   00000001800084cc f   LIBCMT:tidtable.obj
 0001:00007584       _getptd_noexit             0000000180008584 f   LIBCMT:tidtable.obj
 0001:00007608       _getptd                    0000000180008608 f   LIBCMT:tidtable.obj
 0001:0000762c       _freefls                   000000018000862c f   LIBCMT:tidtable.obj
 0001:00007760       _freeptd                   0000000180008760 f   LIBCMT:tidtable.obj
 0001:000077a0       _mtinit                    00000001800087a0 f   LIBCMT:tidtable.obj
 0001:00007824       __GSHandlerCheckCommon     0000000180008824 f   LIBCMT:gshandler.obj
 0001:00007888       __GSHandlerCheck           0000000180008888 f   LIBCMT:gshandler.obj
 0001:000078a8       _read_nolock               00000001800088a8 f   LIBCMT:read.obj
 0001:00007fcc       read                       0000000180008fcc f   LIBCMT:read.obj
 0001:00007fcc       _read                      0000000180008fcc f   LIBCMT:read.obj
 0001:000080e8       _ioinit                    00000001800090e8 f   LIBCMT:ioinit.obj
 0001:000083bc       _ioterm                    00000001800093bc f   LIBCMT:ioinit.obj
 0001:00008430       _lseeki64_nolock           0000000180009430 f   LIBCMT:lseeki64.obj
 0001:000084c8       _lseeki64                  00000001800094c8 f   LIBCMT:lseeki64.obj
 0001:000085ac       _fileno                    00000001800095ac f   LIBCMT:fileno.obj
 0001:000085f0       __security_check_cookie    00000001800095f0 f   LIBCMT:amdsecgs.obj
 0001:00008620       __chkstk                   0000000180009620 f   LIBCMT:chkstk.obj
 0001:00008620       _alloca_probe              0000000180009620     LIBCMT:chkstk.obj
 0001:00008670       __C_specific_handler       0000000180009670 f   LIBCMT:chandler.obj
 0001:00008870       __iob_func                 0000000180009870 f   LIBCMT:_file.obj
 0001:00008878       __initstdio                0000000180009878 f   LIBCMT:_file.obj
 0001:00008958       __endstdio                 0000000180009958 f   LIBCMT:_file.obj
 0001:00008980       _lock_file                 0000000180009980 f   LIBCMT:_file.obj
 0001:000089e4       _lock_file2                00000001800099e4 f   LIBCMT:_file.obj
 0001:00008a18       _unlock_file               0000000180009a18 f   LIBCMT:_file.obj
 0001:00008a64       _unlock_file2              0000000180009a64 f   LIBCMT:_file.obj
 0001:00008a84       _flush                     0000000180009a84 f   LIBCMT:fflush.obj
 0001:00008b00       _fflush_nolock             0000000180009b00 f   LIBCMT:fflush.obj
 0001:00008c38       _flushall                  0000000180009c38 f   LIBCMT:fflush.obj
 0001:00008c44       _openfile                  0000000180009c44 f   LIBCMT:_open.obj
 0001:00008efc       _getstream                 0000000180009efc f   LIBCMT:stream.obj
 0001:00009070       _local_unwind              000000018000a070 f   LIBCMT:jmpuwind.obj
 0001:000090a0       _NLG_Notify                000000018000a0a0 f   LIBCMT:jmpuwind.obj
 0001:000090c0       __NLG_Dispatch2            000000018000a0c0 f   LIBCMT:jmpuwind.obj
 0001:000090d0       __NLG_Return2              000000018000a0d0 f   LIBCMT:jmpuwind.obj
 0001:000090d4       _filbuf                    000000018000a0d4 f   LIBCMT:_filbuf.obj
 0001:00009228       memcpy_s                   000000018000a228 f   LIBCMT:memcpy_s.obj
 0001:000092b0       _write_nolock              000000018000a2b0 f   LIBCMT:write.obj
 0001:00009a10       write                      000000018000aa10 f   LIBCMT:write.obj
 0001:00009a10       _write                     000000018000aa10 f   LIBCMT:write.obj
 0001:00009b00       memcpy                     000000018000ab00 f   LIBCMT:memcpy.obj
 0001:00009b00       memmove                    000000018000ab00     LIBCMT:memcpy.obj
 0001:00009e34       _lseek_nolock              000000018000ae34 f   LIBCMT:lseek.obj
 0001:00009ecc       _lseek                     000000018000aecc f   LIBCMT:lseek.obj
 0001:00009ecc       lseek                      000000018000aecc f   LIBCMT:lseek.obj
 0001:00009fac       _close_nolock              000000018000afac f   LIBCMT:close.obj
 0001:0000a068       close                      000000018000b068 f   LIBCMT:close.obj
 0001:0000a068       _close                     000000018000b068 f   LIBCMT:close.obj
 0001:0000a12c       _freebuf                   000000018000b12c f   LIBCMT:_freebuf.obj
 0001:0000a164       _setenvp                   000000018000b164 f   LIBCMT:stdenvp.obj
 0001:0000a464       _setargv                   000000018000b464 f   LIBCMT:stdargv.obj
 0001:0000a55c       __crtGetEnvironmentStringsA 000000018000b55c f   LIBCMT:a_env.obj
 0001:0000a650       _RTC_Initialize            000000018000b650 f   LIBCMT:_initsect_.obj
 0001:0000a688       _RTC_Terminate             000000018000b688 f   LIBCMT:_initsect_.obj
 0001:0000a6c0       _XcptFilter                000000018000b6c0 f   LIBCMT:winxfltr.obj
 0001:0000a890       __CppXcptFilter            000000018000b890 f   LIBCMT:winxfltr.obj
 0001:0000a8a4       DllMain                    000000018000b8a4 f   LIBCMT:dllmain.obj
 0001:0000a8ac       __security_init_cookie     000000018000b8ac f   LIBCMT:gs_support.obj
 0001:0000a960       _getbuf                    000000018000b960 f   LIBCMT:_getbuf.obj
 0001:0000a9b4       _isatty                    000000018000b9b4 f   LIBCMT:isatty.obj
 0001:0000ac90       __updatetmbcinfo           000000018000bc90 f   LIBCMT:mbctype.obj
 0001:0000addc       _setmbcp_nolock            000000018000bddc f   LIBCMT:mbctype.obj
 0001:0000b054       _setmbcp                   000000018000c054 f   LIBCMT:mbctype.obj
 0001:0000b234       __initmbctable             000000018000c234 f   LIBCMT:mbctype.obj
 0001:0000b25c       __addlocaleref             000000018000c25c f   LIBCMT:localref.obj
 0001:0000b2e8       __removelocaleref          000000018000c2e8 f   LIBCMT:localref.obj
 0001:0000b38c       __freetlocinfo             000000018000c38c f   LIBCMT:localref.obj
 0001:0000b508       _updatetlocinfoEx_nolock   000000018000c508 f   LIBCMT:localref.obj
 0001:0000b560       __updatetlocinfo           000000018000c560 f   LIBCMT:localref.obj
 0001:0000b5d8       _isleadbyte_l              000000018000c5d8 f i LIBCMT:_wctype.obj
 0001:0000b620       isleadbyte                 000000018000c620 f i LIBCMT:_wctype.obj
 0001:0000b680       strlen                     000000018000c680 f   LIBCMT:strlen.obj
 0001:0000b728       _initp_misc_cfltcvt_tab    000000018000c728 f   LIBCMT:cmiscdat.obj
 0001:0000b760       _get_printf_count_output   000000018000c760 f   LIBCMT:printf.obj
 0001:0000b778       _wctomb_s_l                000000018000c778 f   LIBCMT:wctomb.obj
 0001:0000b93c       wctomb_s                   000000018000c93c f   LIBCMT:wctomb.obj
 0001:0000b950       __crt_debugger_hook        000000018000c950 f   LIBCMT:dbghook.obj
 0001:0000b958       _mtinitlocks               000000018000c958 f   LIBCMT:mlock.obj
 0001:0000b9dc       _mtdeletelocks             000000018000c9dc f   LIBCMT:mlock.obj
 0001:0000ba64       _unlock                    000000018000ca64 f   LIBCMT:mlock.obj
 0001:0000ba7c       _mtinitlocknum             000000018000ca7c f   LIBCMT:mlock.obj
 0001:0000bb64       _lock                      000000018000cb64 f   LIBCMT:mlock.obj
 0001:0000bba8       ?terminate@@YAXXZ          000000018000cba8 f   LIBCMT:hooks.obj
 0001:0000bbcc       _initp_eh_hooks            000000018000cbcc f   LIBCMT:hooks.obj
 0001:0000bbec       _initp_misc_winsig         000000018000cbec f   LIBCMT:winsig.obj
 0001:0000bc0c       __get_sigabrt              000000018000cc0c f   LIBCMT:winsig.obj
 0001:0000bc1c       raise                      000000018000cc1c f   LIBCMT:winsig.obj
 0001:0000be50       _initp_misc_rand_s         000000018000ce50 f   LIBCMT:rand_s.obj
 0001:0000be58       _initp_misc_purevirt       000000018000ce58 f   LIBCMT:inithelp.obj
 0001:0000be60       __onexitinit               000000018000ce60 f   LIBCMT:onexit.obj
 0001:0000bea4       _onexit                    000000018000cea4 f   LIBCMT:onexit.obj
 0001:0000bfb0       atexit                     000000018000cfb0 f   LIBCMT:onexit.obj
 0001:0000bfd0       _ValidateImageBase         000000018000cfd0 f   LIBCMT:pesect.obj
 0001:0000c000       _FindPESection             000000018000d000 f   LIBCMT:pesect.obj
 0001:0000c050       _IsNonwritableInCurrentImage 000000018000d050 f   LIBCMT:pesect.obj
 0001:0000c094       __crtMessageBoxW           000000018000d094 f   LIBCMT:crtmboxw.obj
 0001:0000c29c       wcscat_s                   000000018000d29c f   LIBCMT:wcscat_s.obj
 0001:0000c324       wcsncpy_s                  000000018000d324 f   LIBCMT:wcsncpy_s.obj
 0001:0000c3f4       wcslen                     000000018000d3f4 f   LIBCMT:wcslen.obj
 0001:0000c410       wcscpy_s                   000000018000d410 f   LIBCMT:wcscpy_s.obj
 0001:0000c47c       _set_error_mode            000000018000d47c f   LIBCMT:errmode.obj
 0001:0000c4bc       _calloc_impl               000000018000d4bc f   LIBCMT:calloc_impl.obj
 0001:0000c558       realloc                    000000018000d558 f   LIBCMT:realloc.obj
 0001:0000c62c       _set_osfhnd                000000018000d62c f   LIBCMT:osfinfo.obj
 0001:0000c6dc       _free_osfhnd               000000018000d6dc f   LIBCMT:osfinfo.obj
 0001:0000c788       _get_osfhandle             000000018000d788 f   LIBCMT:osfinfo.obj
 0001:0000c7fc       __lock_fhandle             000000018000d7fc f   LIBCMT:osfinfo.obj
 0001:0000c8a4       _unlock_fhandle            000000018000d8a4 f   LIBCMT:osfinfo.obj
 0001:0000c8cc       _alloc_osfhnd              000000018000d8cc f   LIBCMT:osfinfo.obj
 0001:0000cad4       __report_gsfailure         000000018000dad4 f   LIBCMT:gs_report.obj
 0001:0000cc20       _fcloseall                 000000018000dc20 f   LIBCMT:closeall.obj
 0001:0000cccc       _commit                    000000018000dccc f   LIBCMT:commit.obj
 0001:0000d54c       _open                      000000018000e54c f   LIBCMT:open.obj
 0001:0000d54c       open                       000000018000e54c f   LIBCMT:open.obj
 0001:0000d624       _sopen_helper              000000018000e624 f   LIBCMT:open.obj
 0001:0000d6f8       _sopen_s                   000000018000e6f8 f   LIBCMT:open.obj
 0001:0000d72c       _mbsnbicmp_l               000000018000e72c f   LIBCMT:mbsnbicm.obj
 0001:0000d914       _mbsnbicmp                 000000018000e914 f   LIBCMT:mbsnbicm.obj
 0001:0000d91c       _mbsnbcmp_l                000000018000e91c f   LIBCMT:mbsnbcmp.obj
 0001:0000da7c       _mbsnbcmp                  000000018000ea7c f   LIBCMT:mbsnbcmp.obj
 0001:0000da84       _putwch_nolock             000000018000ea84 f   LIBCMT:putwch.obj
 0001:0000dae0       _mbtowc_l                  000000018000eae0 f   LIBCMT:mbtowc.obj
 0001:0000dc58       mbtowc                     000000018000ec58 f   LIBCMT:mbtowc.obj
 0001:0000dcdc       _ismbblead                 000000018000ecdc f   LIBCMT:ismbbyte.obj
 0001:0000dfbc       __crtLCMapStringA          000000018000efbc f   LIBCMT:a_map.obj
 0001:0000e1b4       __crtGetStringTypeA        000000018000f1b4 f   LIBCMT:a_str.obj
 0001:0000e234       __free_lc_time             000000018000f234 f   LIBCMT:inittime.obj
 0001:0000e624       __free_lconv_num           000000018000f624 f   LIBCMT:initnum.obj
 0001:0000e690       __free_lconv_mon           000000018000f690 f   LIBCMT:initmon.obj
 0001:0000e79c       _fptrap                    000000018000f79c f   LIBCMT:crt0fp.obj
 0001:0000e7a8       abort                      000000018000f7a8 f   LIBCMT:abort.obj
 0001:0000e7e8       _msize                     000000018000f7e8 f   LIBCMT:msize.obj
 0001:0000e824       _chsize_nolock             000000018000f824 f   LIBCMT:chsize.obj
 0001:0000e9bc       _setmode_nolock            000000018000f9bc f   LIBCMT:setmode.obj
 0001:0000ea8c       _get_fmode                 000000018000fa8c f   LIBCMT:setmode.obj
 0001:0000eabc       __ascii_strnicmp           000000018000fabc f   LIBCMT:strnicmp.obj
 0001:0000eb04       _strnicmp_l                000000018000fb04 f   LIBCMT:strnicmp.obj
 0001:0000ec08       _strnicmp                  000000018000fc08 f   LIBCMT:strnicmp.obj
 0001:0000ec70       strncmp                    000000018000fc70 f   LIBCMT:strncmp.obj
 0001:0000ed28       __initconout               000000018000fd28 f   LIBCMT:initcon.obj
 0001:0000ed64       __termconout               000000018000fd64 f   LIBCMT:initcon.obj
 0001:0000ed88       _isctype_l                 000000018000fd88 f   LIBCMT:isctype.obj
 0001:0000ee70       _tolower_l                 000000018000fe70 f   LIBCMT:tolower.obj
 0001:0000efd0       strcmp                     000000018000ffd0 f   LIBCMT:strcmp.obj
 0001:0000f090       memcmp                     0000000180010090 f   LIBCMT:memcmp.obj
 0001:0000f158       RtlVirtualUnwind           0000000180010158 f   kernel32:KERNEL32.dll
 0001:0000f15e       RtlLookupFunctionEntry     000000018001015e f   kernel32:KERNEL32.dll
 0001:0000f164       RtlUnwindEx                0000000180010164 f   kernel32:KERNEL32.dll
 0001:00011000       zError                     0000000180012000 f   zutil.obj
 0001:00011020       zlibCompileFlags           0000000180012020 f   zutil.obj
 0001:00011030       zlibVersion                0000000180012030 f   zutil.obj
 0001:000111a0       unzeof                     00000001800121a0 f   unzip.obj
 0001:000111d0       unztell64                  00000001800121d0 f   unzip.obj
 0001:000111f0       unztell                    00000001800121f0 f   unzip.obj
 0001:00011210       unzGetCurrentFileZStreamPos64 0000000180012210 f   unzip.obj
 0001:00011230       unzGetFilePos64            0000000180012230 f   unzip.obj
 0001:000112d0       unzGetGlobalInfo           00000001800122d0 f   unzip.obj
 0001:000112f0       unzGetGlobalInfo64         00000001800122f0 f   unzip.obj
 0001:00011440       _tr_align                  0000000180012440 f   trees.obj
 0001:00011660       win32_error_file_func      0000000180012660 f   iowin32.obj
 0001:00011670       win32_close_file_func      0000000180012670 f   iowin32.obj
 0001:000116b0       win32_seek64_file_func     00000001800126b0 f   iowin32.obj
 0001:00011730       win32_seek_file_func       0000000180012730 f   iowin32.obj
 0001:000117a0       win32_tell64_file_func     00000001800127a0 f   iowin32.obj
 0001:00011810       win32_tell_file_func       0000000180012810 f   iowin32.obj
 0001:00011860       win32_write_file_func      0000000180012860 f   iowin32.obj
 0001:000118c0       win32_read_file_func       00000001800128c0 f   iowin32.obj
 0001:00011b00       call_ztell64               0000000180012b00 f   ioapi.obj
 0001:00011b30       call_zseek64               0000000180012b30 f   ioapi.obj
 0001:00011b60       call_zopen64               0000000180012b60 f   ioapi.obj
 0001:00011b80       inflateMark                0000000180012b80 f   inflate.obj
 0001:00011bc0       inflateUndermine           0000000180012bc0 f   inflate.obj
 0001:00011bf0       inflateCopy                0000000180012bf0 f   inflate.obj
 0001:00011d80       inflateSyncPoint           0000000180012d80 f   inflate.obj
 0001:00011e10       inflateGetHeader           0000000180012e10 f   inflate.obj
 0001:00011e40       inflatePrime               0000000180012e40 f   inflate.obj
 0001:00011ea0       inflateBackEnd             0000000180012ea0 f   infback.obj
 0001:00011ee0       inflateBackInit_           0000000180012ee0 f   infback.obj
 0001:00011fd0       gz_error                   0000000180012fd0 f   gzlib.obj
 0001:000120e0       gzclearerr                 00000001800130e0 f   gzlib.obj
 0001:00012110       gzerror                    0000000180013110 f   gzlib.obj
 0001:00012150       gzeof                      0000000180013150 f   gzlib.obj
 0001:00012180       gzoffset64                 0000000180013180 f   gzlib.obj
 0001:000121d0       gztell64                   00000001800131d0 f   gzlib.obj
 0001:00012200       gzbuffer                   0000000180013200 f   gzlib.obj
 0001:00012270       deflateBound               0000000180013270 f   deflate.obj
 0001:00012360       deflateTune                0000000180013360 f   deflate.obj
 0001:000123a0       deflatePrime               00000001800133a0 f   deflate.obj
 0001:000123f0       deflateSetHeader           00000001800133f0 f   deflate.obj
 0001:00012750       crc32                      0000000180013750 f   crc32.obj
 0001:00012760       get_crc_table              0000000180013760 f   crc32.obj
 0001:00012770       compressBound              0000000180013770 f   compress.obj
 0001:00012830       Write_GlobalComment        0000000180013830 f   zip.obj
 0001:000128c0       Write_EndOfCentralDirectoryRecord 00000001800138c0 f   zip.obj
 0001:000129f0       Write_Zip64EndOfCentralDirectoryRecord 00000001800139f0 f   zip.obj
 0001:00012b30       Write_Zip64EndOfCentralDirectoryLocator 0000000180013b30 f   zip.obj
 0001:00012cd0       Write_LocalFileHeader      0000000180013cd0 f   zip.obj
 0001:00013340       unzGetGlobalComment        0000000180014340 f   unzip.obj
 0001:000133e0       unzCloseCurrentFile        00000001800143e0 f   unzip.obj
 0001:00013480       unzGetLocalExtrafield      0000000180014480 f   unzip.obj
 0001:00013530       unzGetFilePos              0000000180014530 f   unzip.obj
 0001:00013560       unzClose                   0000000180014560 f   unzip.obj
 0001:000136f0       unzStringFileNameCompare   00000001800146f0 f   unzip.obj
 0001:00013a80       _tr_stored_block           0000000180014a80 f   trees.obj
 0001:00013b10       win32_open64_file_funcW    0000000180014b10 f   iowin32.obj
 0001:00013b90       win32_open_file_func       0000000180014b90 f   iowin32.obj
 0001:00013b90       win32_open64_file_funcA    0000000180014b90 f   iowin32.obj
 0001:00013b90       win32_open64_file_func     0000000180014b90 f   iowin32.obj
 0001:00013c10       inflateSync                0000000180014c10 f   inflate.obj
 0001:00013d10       inflateSetDictionary       0000000180014d10 f   inflate.obj
 0001:00013df0       inflateBack                0000000180014df0 f   infback.obj
 0001:00014c20       gzclose_r                  0000000180015c20 f   gzread.obj
 0001:00014d30       gzoffset                   0000000180015d30 f   gzlib.obj
 0001:00014d40       gztell                     0000000180015d40 f   gzlib.obj
 0001:00014d50       gzrewind                   0000000180015d50 f   gzlib.obj
 0001:00015000       deflateCopy                0000000180016000 f   deflate.obj
 0001:000151d0       deflateSetDictionary       00000001800161d0 f   deflate.obj
 0001:00015350       adler32_combine            0000000180016350 f   adler32.obj
 0001:000157e0       unzReadCurrentFile         00000001800167e0 f   unzip.obj
 0001:00016360       fill_win32_filefunc64W     0000000180017360 f   iowin32.obj
 0001:000163c0       fill_win32_filefunc64      00000001800173c0 f   iowin32.obj
 0001:000163c0       fill_win32_filefunc64A     00000001800173c0 f   iowin32.obj
 0001:00016420       fill_win32_filefunc        0000000180017420 f   iowin32.obj
 0001:000165c0       gzseek64                   00000001800175c0 f   gzlib.obj
 0001:000166e0       gzdopen                    00000001800176e0 f   gzlib.obj
 0001:00016750       gzopen                     0000000180017750 f   gzlib.obj
 0001:00016830       LoadCentralDirectoryRecord 0000000180017830 f   zip.obj
 0001:00016bc0       unzOpenCurrentFile3        0000000180017bc0 f   unzip.obj
 0001:00016e00       unzGoToFilePos64           0000000180017e00 f   unzip.obj
 0001:00016e80       unzGoToNextFile            0000000180017e80 f   unzip.obj
 0001:00016f40       unzGoToFirstFile           0000000180017f40 f   unzip.obj
 0001:00016fc0       unzGetCurrentFileInfo      0000000180017fc0 f   unzip.obj
 0001:00017090       unzGetCurrentFileInfo64    0000000180018090 f   unzip.obj
 0001:00017a90       gzseek                     0000000180018a90 f   gzlib.obj
 0001:00018480       deflateParams              0000000180019480 f   deflate.obj
 0001:00018580       crc32_combine              0000000180019580 f   crc32.obj
 0001:00018590       compress2                  0000000180019590 f   compress.obj
 0001:00018630       zipCloseFileInZipRaw64     0000000180019630 f   zip.obj
 0001:00018a90       zipCloseFileInZipRaw       0000000180019a90 f   zip.obj
 0001:00018aa0       zipWriteInFileInZip        0000000180019aa0 f   zip.obj
 0001:00018c00       zipOpen3                   0000000180019c00 f   zip.obj
 0001:00018dd0       unzOpenCurrentFile2        0000000180019dd0 f   unzip.obj
 0001:00018df0       unzOpenCurrentFilePassword 0000000180019df0 f   unzip.obj
 0001:00018e10       unzOpenCurrentFile         0000000180019e10 f   unzip.obj
 0001:00018e30       unzGoToFilePos             0000000180019e30 f   unzip.obj
 0001:00018e60       unzLocateFile              0000000180019e60 f   unzip.obj
 0001:00018fb0       unzOpen64                  0000000180019fb0 f   unzip.obj
 0001:00018fc0       unzOpen                    0000000180019fc0 f   unzip.obj
 0001:00018fd0       unzOpen2_64                0000000180019fd0 f   unzip.obj
 0001:00019020       unzOpen2                   000000018001a020 f   unzip.obj
 0001:000190a0       uncompress                 000000018001a0a0 f   uncompr.obj
 0001:00019250       gzdirect                   000000018001a250 f   gzread.obj
 0001:00019400       compress                   000000018001a400 f   compress.obj
 0001:00019420       zipCloseFileInZip          000000018001a420 f   zip.obj
 0001:00019430       zipOpenNewFileInZip4_64    000000018001a430 f   zip.obj
 0001:000199d0       zipOpen                    000000018001a9d0 f   zip.obj
 0001:000199d0       zipOpen64                  000000018001a9d0 f   zip.obj
 0001:000199e0       zipOpen2_64                000000018001a9e0 f   zip.obj
 0001:00019a50       zipOpen2                   000000018001aa50 f   zip.obj
 0001:00019c00       zipClose                   000000018001ac00 f   zip.obj
 0001:00019d60       zipOpenNewFileInZip        000000018001ad60 f   zip.obj
 0001:00019df0       zipOpenNewFileInZip64      000000018001adf0 f   zip.obj
 0001:00019e80       zipOpenNewFileInZip2_64    000000018001ae80 f   zip.obj
 0001:00019f20       zipOpenNewFileInZip2       000000018001af20 f   zip.obj
 0001:00019fb0       zipOpenNewFileInZip3_64    000000018001afb0 f   zip.obj
 0001:0001a070       zipOpenNewFileInZip3       000000018001b070 f   zip.obj
 0001:0001a120       gzclose_w                  000000018001b120 f   gzwrite.obj
 0001:0001a1c0       gzsetparams                000000018001b1c0 f   gzwrite.obj
 0001:0001a270       gzflush                    000000018001b270 f   gzwrite.obj
 0001:0001a2e0       gzprintf                   000000018001b2e0 f   gzwrite.obj
 0001:0001a3b0       gzwrite                    000000018001b3b0 f   gzwrite.obj
 0001:0001a550       gzclose                    000000018001b550 f   gzclose.obj
 0001:0001a570       gzputs                     000000018001b570 f   gzwrite.obj
 0001:0001a5c0       gzputc                     000000018001b5c0 f   gzwrite.obj
 0001:0001a660       gzgets                     000000018001b660 f   gzread.obj
 0001:0001a780       gzungetc                   000000018001b780 f   gzread.obj
 0001:0001a850       gzread                     000000018001b850 f   gzread.obj
 0001:0001a9b0       gzgetc                     000000018001b9b0 f   gzread.obj
 0002:00000000       __imp_CreateFileA          000000018001c000     kernel32:KERNEL32.dll
 0002:00000008       __imp_SetFilePointer       000000018001c008     kernel32:KERNEL32.dll
 0002:00000010       __imp_WriteFile            000000018001c010     kernel32:KERNEL32.dll
 0002:00000018       __imp_ReadFile             000000018001c018     kernel32:KERNEL32.dll
 0002:00000020       __imp_CreateFileW          000000018001c020     kernel32:KERNEL32.dll
 0002:00000028       __imp_GetLastError         000000018001c028     kernel32:KERNEL32.dll
 0002:00000030       __imp_CloseHandle          000000018001c030     kernel32:KERNEL32.dll
 0002:00000038       __imp_HeapFree             000000018001c038     kernel32:KERNEL32.dll
 0002:00000040       __imp_HeapAlloc            000000018001c040     kernel32:KERNEL32.dll
 0002:00000048       __imp_GetSystemTimeAsFileTime 000000018001c048     kernel32:KERNEL32.dll
 0002:00000050       __imp_GetCurrentThreadId   000000018001c050     kernel32:KERNEL32.dll
 0002:00000058       __imp_FlsSetValue          000000018001c058     kernel32:KERNEL32.dll
 0002:00000060       __imp_GetCommandLineA      000000018001c060     kernel32:KERNEL32.dll
 0002:00000068       __imp_DecodePointer        000000018001c068     kernel32:KERNEL32.dll
 0002:00000070       __imp_UnhandledExceptionFilter 000000018001c070     kernel32:KERNEL32.dll
 0002:00000078       __imp_SetUnhandledExceptionFilter 000000018001c078     kernel32:KERNEL32.dll
 0002:00000080       __imp_IsDebuggerPresent    000000018001c080     kernel32:KERNEL32.dll
 0002:00000088       __imp_RtlVirtualUnwind     000000018001c088     kernel32:KERNEL32.dll
 0002:00000090       __imp_RtlLookupFunctionEntry 000000018001c090     kernel32:KERNEL32.dll
 0002:00000098       __imp_RtlCaptureContext    000000018001c098     kernel32:KERNEL32.dll
 0002:000000a0       __imp_EncodePointer        000000018001c0a0     kernel32:KERNEL32.dll
 0002:000000a8       __imp_TerminateProcess     000000018001c0a8     kernel32:KERNEL32.dll
 0002:000000b0       __imp_GetCurrentProcess    000000018001c0b0     kernel32:KERNEL32.dll
 0002:000000b8       __imp_HeapSetInformation   000000018001c0b8     kernel32:KERNEL32.dll
 0002:000000c0       __imp_GetVersion           000000018001c0c0     kernel32:KERNEL32.dll
 0002:000000c8       __imp_HeapCreate           000000018001c0c8     kernel32:KERNEL32.dll
 0002:000000d0       __imp_HeapDestroy          000000018001c0d0     kernel32:KERNEL32.dll
 0002:000000d8       __imp_GetProcAddress       000000018001c0d8     kernel32:KERNEL32.dll
 0002:000000e0       __imp_GetModuleHandleW     000000018001c0e0     kernel32:KERNEL32.dll
 0002:000000e8       __imp_ExitProcess          000000018001c0e8     kernel32:KERNEL32.dll
 0002:000000f0       __imp_GetStdHandle         000000018001c0f0     kernel32:KERNEL32.dll
 0002:000000f8       __imp_GetModuleFileNameW   000000018001c0f8     kernel32:KERNEL32.dll
 0002:00000100       __imp_Sleep                000000018001c100     kernel32:KERNEL32.dll
 0002:00000108       __imp_FlsGetValue          000000018001c108     kernel32:KERNEL32.dll
 0002:00000110       __imp_FlsFree              000000018001c110     kernel32:KERNEL32.dll
 0002:00000118       __imp_SetLastError         000000018001c118     kernel32:KERNEL32.dll
 0002:00000120       __imp_FlsAlloc             000000018001c120     kernel32:KERNEL32.dll
 0002:00000128       __imp_MultiByteToWideChar  000000018001c128     kernel32:KERNEL32.dll
 0002:00000130       __imp_SetHandleCount       000000018001c130     kernel32:KERNEL32.dll
 0002:00000138       __imp_InitializeCriticalSectionAndSpinCount 000000018001c138     kernel32:KERNEL32.dll
 0002:00000140       __imp_GetFileType          000000018001c140     kernel32:KERNEL32.dll
 0002:00000148       __imp_GetStartupInfoW      000000018001c148     kernel32:KERNEL32.dll
 0002:00000150       __imp_DeleteCriticalSection 000000018001c150     kernel32:KERNEL32.dll
 0002:00000158       __imp_RtlUnwindEx          000000018001c158     kernel32:KERNEL32.dll
 0002:00000160       __imp_EnterCriticalSection 000000018001c160     kernel32:KERNEL32.dll
 0002:00000168       __imp_LeaveCriticalSection 000000018001c168     kernel32:KERNEL32.dll
 0002:00000170       __imp_WideCharToMultiByte  000000018001c170     kernel32:KERNEL32.dll
 0002:00000178       __imp_GetConsoleCP         000000018001c178     kernel32:KERNEL32.dll
 0002:00000180       __imp_GetConsoleMode       000000018001c180     kernel32:KERNEL32.dll
 0002:00000188       __imp_GetModuleFileNameA   000000018001c188     kernel32:KERNEL32.dll
 0002:00000190       __imp_FreeEnvironmentStringsW 000000018001c190     kernel32:KERNEL32.dll
 0002:00000198       __imp_GetEnvironmentStringsW 000000018001c198     kernel32:KERNEL32.dll
 0002:000001a0       __imp_QueryPerformanceCounter 000000018001c1a0     kernel32:KERNEL32.dll
 0002:000001a8       __imp_GetTickCount         000000018001c1a8     kernel32:KERNEL32.dll
 0002:000001b0       __imp_GetCurrentProcessId  000000018001c1b0     kernel32:KERNEL32.dll
 0002:000001b8       __imp_GetCPInfo            000000018001c1b8     kernel32:KERNEL32.dll
 0002:000001c0       __imp_GetACP               000000018001c1c0     kernel32:KERNEL32.dll
 0002:000001c8       __imp_GetOEMCP             000000018001c1c8     kernel32:KERNEL32.dll
 0002:000001d0       __imp_IsValidCodePage      000000018001c1d0     kernel32:KERNEL32.dll
 0002:000001d8       __imp_LoadLibraryW         000000018001c1d8     kernel32:KERNEL32.dll
 0002:000001e0       __imp_HeapReAlloc          000000018001c1e0     kernel32:KERNEL32.dll
 0002:000001e8       __imp_SetStdHandle         000000018001c1e8     kernel32:KERNEL32.dll
 0002:000001f0       __imp_FlushFileBuffers     000000018001c1f0     kernel32:KERNEL32.dll
 0002:000001f8       __imp_WriteConsoleW        000000018001c1f8     kernel32:KERNEL32.dll
 0002:00000200       __imp_LCMapStringW         000000018001c200     kernel32:KERNEL32.dll
 0002:00000208       __imp_GetStringTypeW       000000018001c208     kernel32:KERNEL32.dll
 0002:00000210       __imp_HeapSize             000000018001c210     kernel32:KERNEL32.dll
 0002:00000218       __imp_SetEndOfFile         000000018001c218     kernel32:KERNEL32.dll
 0002:00000220       __imp_GetProcessHeap       000000018001c220     kernel32:KERNEL32.dll
 0002:00000228       \177KERNEL32_NULL_THUNK_DATA 000000018001c228     kernel32:KERNEL32.dll
 0002:00000230       __xc_a                     000000018001c230     LIBCMT:crt0init.obj
 0002:00000238       __xc_z                     000000018001c238     LIBCMT:crt0init.obj
 0002:00000240       __xi_a                     000000018001c240     LIBCMT:crt0init.obj
 0002:00000260       __xi_z                     000000018001c260     LIBCMT:crt0init.obj
 0002:00000268       __xp_a                     000000018001c268     LIBCMT:crt0init.obj
 0002:00000280       __xp_z                     000000018001c280     LIBCMT:crt0init.obj
 0002:00000288       __xt_a                     000000018001c288     LIBCMT:crt0init.obj
 0002:00000290       __xt_z                     000000018001c290     LIBCMT:crt0init.obj
 0002:000002a0       ??_C@_0EA@FCLIIPNN@Visual?5C?$CL?$CL?5CRT?3?5Not?5enough?5memor@ 000000018001c2a0     LIBCMT:strerror.obj
 0002:000002e0       _pRawDllMain               000000018001c2e0     LIBCMT:dllcrt0.obj
 0002:000002e0       _pDefaultRawDllMain        000000018001c2e0     LIBCMT:dllcrt0.obj
 0002:000002e8       ??_C@_1O@CEDCILHN@?$AA?$CI?$AAn?$AAu?$AAl?$AAl?$AA?$CJ?$AA?$AA@ 000000018001c2e8     LIBCMT:output.obj
 0002:000002f8       ??_C@_06OJHGLDPL@?$CInull?$CJ?$AA@ 000000018001c2f8     LIBCMT:output.obj
 0002:00000300       __lookuptable              000000018001c300     LIBCMT:output.obj
 0002:00000360       ??_C@_0P@MIGLKIOC@CorExitProcess?$AA@ 000000018001c360     LIBCMT:crt0dat.obj
 0002:00000370       ??_C@_1BI@BGOHAHKC@?$AAm?$AAs?$AAc?$AAo?$AAr?$AAe?$AAe?$AA?4?$AAd?$AAl?$AAl?$AA?$AA@ 000000018001c370     LIBCMT:crt0dat.obj
 0002:00000388       ??_C@_1BO@BKOMIGKJ@?$AAr?$AAu?$AAn?$AAt?$AAi?$AAm?$AAe?$AA?5?$AAe?$AAr?$AAr?$AAo?$AAr?$AA?5?$AA?$AA@ 000000018001c388     LIBCMT:crt0msg.obj
 0002:000003a8       ??_C@_15JNBOKNOG@?$AA?$AN?$AA?6?$AA?$AA@ 000000018001c3a8     LIBCMT:crt0msg.obj
 0002:000003b0       ??_C@_1BM@JBBEPPHI@?$AAT?$AAL?$AAO?$AAS?$AAS?$AA?5?$AAe?$AAr?$AAr?$AAo?$AAr?$AA?$AN?$AA?6?$AA?$AA@ 000000018001c3b0     LIBCMT:crt0msg.obj
 0002:000003d0       ??_C@_1BK@KMOMNAAI@?$AAS?$AAI?$AAN?$AAG?$AA?5?$AAe?$AAr?$AAr?$AAo?$AAr?$AA?$AN?$AA?6?$AA?$AA@ 000000018001c3d0     LIBCMT:crt0msg.obj
 0002:000003f0       ??_C@_1BO@BFCDCGC@?$AAD?$AAO?$AAM?$AAA?$AAI?$AAN?$AA?5?$AAe?$AAr?$AAr?$AAo?$AAr?$AA?$AN?$AA?6?$AA?$AA@ 000000018001c3f0     LIBCMT:crt0msg.obj
 0002:00000410       ??_C@_1BOO@KGEDBGAJ@?$AAR?$AA6?$AA0?$AA3?$AA3?$AA?$AN?$AA?6?$AA?9?$AA?5?$AAA?$AAt?$AAt?$AAe?$AAm?$AAp?$AAt?$AA?5?$AAt?$AAo?$AA?5?$AAu?$AAs?$AAe?$AA?5?$AAM?$AAS?$AAI?$AAL?$AA?5?$AAc?$AAo?$AAd@ 000000018001c410     LIBCMT:crt0msg.obj
 0002:00000600       ??_C@_1GG@GOPILAJP@?$AAR?$AA6?$AA0?$AA3?$AA2?$AA?$AN?$AA?6?$AA?9?$AA?5?$AAn?$AAo?$AAt?$AA?5?$AAe?$AAn?$AAo?$AAu?$AAg?$AAh?$AA?5?$AAs?$AAp?$AAa?$AAc?$AAe?$AA?5?$AAf?$AAo?$AAr?$AA?5?$AAl?$AAo@ 000000018001c600     LIBCMT:crt0msg.obj
 0002:00000670       ??_C@_1MG@ENCOOIDF@?$AAR?$AA6?$AA0?$AA3?$AA1?$AA?$AN?$AA?6?$AA?9?$AA?5?$AAA?$AAt?$AAt?$AAe?$AAm?$AAp?$AAt?$AA?5?$AAt?$AAo?$AA?5?$AAi?$AAn?$AAi?$AAt?$AAi?$AAa?$AAl?$AAi?$AAz?$AAe?$AA?5?$AAt@ 000000018001c670     LIBCMT:crt0msg.obj
 0002:00000738       ??_C@_1DO@BMFCDCD@?$AAR?$AA6?$AA0?$AA3?$AA0?$AA?$AN?$AA?6?$AA?9?$AA?5?$AAC?$AAR?$AAT?$AA?5?$AAn?$AAo?$AAt?$AA?5?$AAi?$AAn?$AAi?$AAt?$AAi?$AAa?$AAl?$AAi?$AAz?$AAe?$AAd?$AA?$AN?$AA?6?$AA?$AA@ 000000018001c738     LIBCMT:crt0msg.obj
 0002:00000780       ??_C@_1EK@HHFLMAOL@?$AAR?$AA6?$AA0?$AA2?$AA8?$AA?$AN?$AA?6?$AA?9?$AA?5?$AAu?$AAn?$AAa?$AAb?$AAl?$AAe?$AA?5?$AAt?$AAo?$AA?5?$AAi?$AAn?$AAi?$AAt?$AAi?$AAa?$AAl?$AAi?$AAz?$AAe?$AA?5?$AAh?$AAe@ 000000018001c780     LIBCMT:crt0msg.obj
 0002:000007d0       ??_C@_1GK@MFGOKLAG@?$AAR?$AA6?$AA0?$AA2?$AA7?$AA?$AN?$AA?6?$AA?9?$AA?5?$AAn?$AAo?$AAt?$AA?5?$AAe?$AAn?$AAo?$AAu?$AAg?$AAh?$AA?5?$AAs?$AAp?$AAa?$AAc?$AAe?$AA?5?$AAf?$AAo?$AAr?$AA?5?$AAl?$AAo@ 000000018001c7d0     LIBCMT:crt0msg.obj
 0002:00000840       ??_C@_1GK@MCAAGJMO@?$AAR?$AA6?$AA0?$AA2?$AA6?$AA?$AN?$AA?6?$AA?9?$AA?5?$AAn?$AAo?$AAt?$AA?5?$AAe?$AAn?$AAo?$AAu?$AAg?$AAh?$AA?5?$AAs?$AAp?$AAa?$AAc?$AAe?$AA?5?$AAf?$AAo?$AAr?$AA?5?$AAs?$AAt@ 000000018001c840     LIBCMT:crt0msg.obj
 0002:000008b0       ??_C@_1EM@MAADIHMB@?$AAR?$AA6?$AA0?$AA2?$AA5?$AA?$AN?$AA?6?$AA?9?$AA?5?$AAp?$AAu?$AAr?$AAe?$AA?5?$AAv?$AAi?$AAr?$AAt?$AAu?$AAa?$AAl?$AA?5?$AAf?$AAu?$AAn?$AAc?$AAt?$AAi?$AAo?$AAn?$AA?5?$AAc@ 000000018001c8b0     LIBCMT:crt0msg.obj
 0002:00000900       ??_C@_1GK@FHCKBEFA@?$AAR?$AA6?$AA0?$AA2?$AA4?$AA?$AN?$AA?6?$AA?9?$AA?5?$AAn?$AAo?$AAt?$AA?5?$AAe?$AAn?$AAo?$AAu?$AAg?$AAh?$AA?5?$AAs?$AAp?$AAa?$AAc?$AAe?$AA?5?$AAf?$AAo?$AAr?$AA?5?$AA_?$AAo@ 000000018001c900     LIBCMT:crt0msg.obj
 0002:00000970       ??_C@_1FC@ECHBIFBC@?$AAR?$AA6?$AA0?$AA1?$AA9?$AA?$AN?$AA?6?$AA?9?$AA?5?$AAu?$AAn?$AAa?$AAb?$AAl?$AAe?$AA?5?$AAt?$AAo?$AA?5?$AAo?$AAp?$AAe?$AAn?$AA?5?$AAc?$AAo?$AAn?$AAs?$AAo?$AAl?$AAe?$AA?5@ 000000018001c970     LIBCMT:crt0msg.obj
 0002:000009d0       ??_C@_1EC@JIBHAOPH@?$AAR?$AA6?$AA0?$AA1?$AA8?$AA?$AN?$AA?6?$AA?9?$AA?5?$AAu?$AAn?$AAe?$AAx?$AAp?$AAe?$AAc?$AAt?$AAe?$AAd?$AA?5?$AAh?$AAe?$AAa?$AAp?$AA?5?$AAe?$AAr?$AAr?$AAo?$AAr?$AA?$AN?$AA?6@ 000000018001c9d0     LIBCMT:crt0msg.obj
 0002:00000a20       ??_C@_1FK@BEOGODMC@?$AAR?$AA6?$AA0?$AA1?$AA7?$AA?$AN?$AA?6?$AA?9?$AA?5?$AAu?$AAn?$AAe?$AAx?$AAp?$AAe?$AAc?$AAt?$AAe?$AAd?$AA?5?$AAm?$AAu?$AAl?$AAt?$AAi?$AAt?$AAh?$AAr?$AAe?$AAa?$AAd?$AA?5@ 000000018001ca20     LIBCMT:crt0msg.obj
 0002:00000a80       ??_C@_1FI@LOGNIKDM@?$AAR?$AA6?$AA0?$AA1?$AA6?$AA?$AN?$AA?6?$AA?9?$AA?5?$AAn?$AAo?$AAt?$AA?5?$AAe?$AAn?$AAo?$AAu?$AAg?$AAh?$AA?5?$AAs?$AAp?$AAa?$AAc?$AAe?$AA?5?$AAf?$AAo?$AAr?$AA?5?$AAt?$AAh@ 000000018001ca80     LIBCMT:crt0msg.obj
 0002:00000ae0       ??_C@_1EG@BEHAGFJD@?$AAR?$AA6?$AA0?$AA1?$AA0?$AA?$AN?$AA?6?$AA?9?$AA?5?$AAa?$AAb?$AAo?$AAr?$AAt?$AA?$CI?$AA?$CJ?$AA?5?$AAh?$AAa?$AAs?$AA?5?$AAb?$AAe?$AAe?$AAn?$AA?5?$AAc?$AAa?$AAl?$AAl?$AAe?$AAd@ 000000018001cae0     LIBCMT:crt0msg.obj
 0002:00000b30       ??_C@_1FI@HONFMGBI@?$AAR?$AA6?$AA0?$AA0?$AA9?$AA?$AN?$AA?6?$AA?9?$AA?5?$AAn?$AAo?$AAt?$AA?5?$AAe?$AAn?$AAo?$AAu?$AAg?$AAh?$AA?5?$AAs?$AAp?$AAa?$AAc?$AAe?$AA?5?$AAf?$AAo?$AAr?$AA?5?$AAe?$AAn@ 000000018001cb30     LIBCMT:crt0msg.obj
 0002:00000b90       ??_C@_1FE@LLNEDJMD@?$AAR?$AA6?$AA0?$AA0?$AA8?$AA?$AN?$AA?6?$AA?9?$AA?5?$AAn?$AAo?$AAt?$AA?5?$AAe?$AAn?$AAo?$AAu?$AAg?$AAh?$AA?5?$AAs?$AAp?$AAa?$AAc?$AAe?$AA?5?$AAf?$AAo?$AAr?$AA?5?$AAa?$AAr@ 000000018001cb90     LIBCMT:crt0msg.obj
 0002:00000bf0       ??_C@_1FK@PGACCAFB@?$AAR?$AA6?$AA0?$AA0?$AA2?$AA?$AN?$AA?6?$AA?9?$AA?5?$AAf?$AAl?$AAo?$AAa?$AAt?$AAi?$AAn?$AAg?$AA?5?$AAp?$AAo?$AAi?$AAn?$AAt?$AA?5?$AAs?$AAu?$AAp?$AAp?$AAo?$AAr?$AAt?$AA?5@ 000000018001cbf0     LIBCMT:crt0msg.obj
 0002:00000db0       ??_C@_1EK@MBDPDCGA@?$AAM?$AAi?$AAc?$AAr?$AAo?$AAs?$AAo?$AAf?$AAt?$AA?5?$AAV?$AAi?$AAs?$AAu?$AAa?$AAl?$AA?5?$AAC?$AA?$CL?$AA?$CL?$AA?5?$AAR?$AAu?$AAn?$AAt?$AAi?$AAm?$AAe?$AA?5?$AAL?$AAi?$AAb@ 000000018001cdb0     LIBCMT:crt0msg.obj
 0002:00000dfc       ??_C@_15IABLJNFO@?$AA?6?$AA?6?$AA?$AA@ 000000018001cdfc     LIBCMT:crt0msg.obj
 0002:00000e08       ??_C@_17LGKOMLJ@?$AA?4?$AA?4?$AA?4?$AA?$AA@ 000000018001ce08     LIBCMT:crt0msg.obj
 0002:00000e10       ??_C@_1CO@EAEJAADC@?$AA?$DM?$AAp?$AAr?$AAo?$AAg?$AAr?$AAa?$AAm?$AA?5?$AAn?$AAa?$AAm?$AAe?$AA?5?$AAu?$AAn?$AAk?$AAn?$AAo?$AAw?$AAn?$AA?$DO?$AA?$AA@ 000000018001ce10     LIBCMT:crt0msg.obj
 0002:00000e40       ??_C@_1DE@JNGNBFGO@?$AAR?$AAu?$AAn?$AAt?$AAi?$AAm?$AAe?$AA?5?$AAE?$AAr?$AAr?$AAo?$AAr?$AA?$CB?$AA?6?$AA?6?$AAP?$AAr?$AAo?$AAg?$AAr?$AAa?$AAm?$AA?3?$AA?5?$AA?$AA@ 000000018001ce40     LIBCMT:crt0msg.obj
 0002:00000e78       ??_C@_0BG@KLEAJEFJ@Illegal?5byte?5sequence?$AA@ 000000018001ce78     LIBCMT:syserr.obj
 0002:00000e90       ??_C@_0BE@ICMCHPHH@Directory?5not?5empty?$AA@ 000000018001ce90     LIBCMT:syserr.obj
 0002:00000ea8       ??_C@_0BJ@IHEHINLI@Function?5not?5implemented?$AA@ 000000018001cea8     LIBCMT:syserr.obj
 0002:00000ec8       ??_C@_0BD@CLHBCGPB@No?5locks?5available?$AA@ 000000018001cec8     LIBCMT:syserr.obj
 0002:00000ee0       ??_C@_0BC@BEDIHIDK@Filename?5too?5long?$AA@ 000000018001cee0     LIBCMT:syserr.obj
 0002:00000ef8       ??_C@_0BK@JAEBMJJM@Resource?5deadlock?5avoided?$AA@ 000000018001cef8     LIBCMT:syserr.obj
 0002:00000f18       ??_C@_0BB@FCBJFCAJ@Result?5too?5large?$AA@ 000000018001cf18     LIBCMT:syserr.obj
 0002:00000f30       ??_C@_0N@MMJPGLJK@Domain?5error?$AA@ 000000018001cf30     LIBCMT:syserr.obj
 0002:00000f40       ??_C@_0M@LHEPIIOM@Broken?5pipe?$AA@ 000000018001cf40     LIBCMT:syserr.obj
 0002:00000f50       ??_C@_0P@PKCJJLLM@Too?5many?5links?$AA@ 000000018001cf50     LIBCMT:syserr.obj
 0002:00000f60       ??_C@_0BG@DDBFNKBH@Read?9only?5file?5system?$AA@ 000000018001cf60     LIBCMT:syserr.obj
 0002:00000f78       ??_C@_0N@FEHLOILP@Invalid?5seek?$AA@ 000000018001cf78     LIBCMT:syserr.obj
 0002:00000f88       ??_C@_0BI@FEALHKLD@No?5space?5left?5on?5device?$AA@ 000000018001cf88     LIBCMT:syserr.obj
 0002:00000fa0       ??_C@_0P@LFMMIPAE@File?5too?5large?$AA@ 000000018001cfa0     LIBCMT:syserr.obj
 0002:00000fb0       ??_C@_0CE@ONOKNLPF@Inappropriate?5I?1O?5control?5operat@ 000000018001cfb0     LIBCMT:syserr.obj
 0002:00000fd8       ??_C@_0BE@INBJMKGG@Too?5many?5open?5files?$AA@ 000000018001cfd8     LIBCMT:syserr.obj
 0002:00000ff0       ??_C@_0BO@IIFBODJE@Too?5many?5open?5files?5in?5system?$AA@ 000000018001cff0     LIBCMT:syserr.obj
 0002:00001010       ??_C@_0BB@HMGGCEBG@Invalid?5argument?$AA@ 000000018001d010     LIBCMT:syserr.obj
 0002:00001028       ??_C@_0P@NDHGCGKE@Is?5a?5directory?$AA@ 000000018001d028     LIBCMT:syserr.obj
 0002:00001038       ??_C@_0BA@CJBACOOL@Not?5a?5directory?$AA@ 000000018001d038     LIBCMT:syserr.obj
 0002:00001048       ??_C@_0P@NLEIANHE@No?5such?5device?$AA@ 000000018001d048     LIBCMT:syserr.obj
 0002:00001058       ??_C@_0O@OAMDNOCP@Improper?5link?$AA@ 000000018001d058     LIBCMT:syserr.obj
 0002:00001068       ??_C@_0M@NAAJNNGH@File?5exists?$AA@ 000000018001d068     LIBCMT:syserr.obj
 0002:00001078       ??_C@_0BA@BIBLIOEK@Resource?5device?$AA@ 000000018001d078     LIBCMT:syserr.obj
 0002:00001088       ??_C@_0O@NIPGCINC@Unknown?5error?$AA@ 000000018001d088     LIBCMT:syserr.obj
 0002:00001098       ??_C@_0M@LOEHLCJD@Bad?5address?$AA@ 000000018001d098     LIBCMT:syserr.obj
 0002:000010a8       ??_C@_0BC@HFNFNKAI@Permission?5denied?$AA@ 000000018001d0a8     LIBCMT:syserr.obj
 0002:000010c0       ??_C@_0BB@IMDKMPFB@Not?5enough?5space?$AA@ 000000018001d0c0     LIBCMT:syserr.obj
 0002:000010d8       ??_C@_0CB@EPFKGNAK@Resource?5temporarily?5unavailable@ 000000018001d0d8     LIBCMT:syserr.obj
 0002:00001100       ??_C@_0BD@LOHELEP@No?5child?5processes?$AA@ 000000018001d100     LIBCMT:syserr.obj
 0002:00001118       ??_C@_0BE@NFGDDCEF@Bad?5file?5descriptor?$AA@ 000000018001d118     LIBCMT:syserr.obj
 0002:00001130       ??_C@_0BC@HKPNECK@Exec?5format?5error?$AA@ 000000018001d130     LIBCMT:syserr.obj
 0002:00001148       ??_C@_0BC@MFFGCDFL@Arg?5list?5too?5long?$AA@ 000000018001d148     LIBCMT:syserr.obj
 0002:00001160       ??_C@_0BK@DPKMCKJ@No?5such?5device?5or?5address?$AA@ 000000018001d160     LIBCMT:syserr.obj
 0002:00001180       ??_C@_0BD@KKNFOBBD@Input?1output?5error?$AA@ 000000018001d180     LIBCMT:syserr.obj
 0002:00001198       ??_C@_0BK@FJBOAFDK@Interrupted?5function?5call?$AA@ 000000018001d198     LIBCMT:syserr.obj
 0002:000011b8       ??_C@_0BA@FKIAIBGA@No?5such?5process?$AA@ 000000018001d1b8     LIBCMT:syserr.obj
 0002:000011c8       ??_C@_0BK@FMDHKPNF@No?5such?5file?5or?5directory?$AA@ 000000018001d1c8     LIBCMT:syserr.obj
 0002:000011e8       ??_C@_0BI@BJFCGOHL@Operation?5not?5permitted?$AA@ 000000018001d1e8     LIBCMT:syserr.obj
 0002:00001200       ??_C@_08INEPGKHH@No?5error?$AA@ 000000018001d200     LIBCMT:syserr.obj
 0002:00001240       _XcptActTab                000000018001d240     LIBCMT:winxfltr.obj
 0002:00001300       _First_FPE_Indx            000000018001d300     LIBCMT:winxfltr.obj
 0002:00001304       _Num_FPE                   000000018001d304     LIBCMT:winxfltr.obj
 0002:00001308       _XcptActTabSize            000000018001d308     LIBCMT:winxfltr.obj
 0002:0000130c       _XcptActTabCount           000000018001d30c     LIBCMT:winxfltr.obj
 0002:00001310       ??_C@_1BC@GDGBMEMK@?$AAH?$AAH?$AA?3?$AAm?$AAm?$AA?3?$AAs?$AAs?$AA?$AA@ 000000018001d310     LIBCMT:nlsdata2.obj
 0002:00001328       ??_C@_1CI@KNAKOEBC@?$AAd?$AAd?$AAd?$AAd?$AA?0?$AA?5?$AAM?$AAM?$AAM?$AAM?$AA?5?$AAd?$AAd?$AA?0?$AA?5?$AAy?$AAy?$AAy?$AAy?$AA?$AA@ 000000018001d328     LIBCMT:nlsdata2.obj
 0002:00001350       ??_C@_1BC@IEBCMHCM@?$AAM?$AAM?$AA?1?$AAd?$AAd?$AA?1?$AAy?$AAy?$AA?$AA@ 000000018001d350     LIBCMT:nlsdata2.obj
 0002:00001364       ??_C@_15CLMNNGEL@?$AAP?$AAM?$AA?$AA@ 000000018001d364     LIBCMT:nlsdata2.obj
 0002:0000136c       ??_C@_15ODEHAHHF@?$AAA?$AAM?$AA?$AA@ 000000018001d36c     LIBCMT:nlsdata2.obj
 0002:00001378       ??_C@_1BC@FEMKIFH@?$AAD?$AAe?$AAc?$AAe?$AAm?$AAb?$AAe?$AAr?$AA?$AA@ 000000018001d378     LIBCMT:nlsdata2.obj
 0002:00001390       ??_C@_1BC@BGLIFPF@?$AAN?$AAo?$AAv?$AAe?$AAm?$AAb?$AAe?$AAr?$AA?$AA@ 000000018001d390     LIBCMT:nlsdata2.obj
 0002:000013a8       ??_C@_1BA@EPANDLNG@?$AAO?$AAc?$AAt?$AAo?$AAb?$AAe?$AAr?$AA?$AA@ 000000018001d3a8     LIBCMT:nlsdata2.obj
 0002:000013b8       ??_C@_1BE@DKAAMBJL@?$AAS?$AAe?$AAp?$AAt?$AAe?$AAm?$AAb?$AAe?$AAr?$AA?$AA@ 000000018001d3b8     LIBCMT:nlsdata2.obj
 0002:000013d0       ??_C@_1O@PAHLKOAC@?$AAA?$AAu?$AAg?$AAu?$AAs?$AAt?$AA?$AA@ 000000018001d3d0     LIBCMT:nlsdata2.obj
 0002:000013e0       ??_C@_19BIFMLPCD@?$AAJ?$AAu?$AAl?$AAy?$AA?$AA@ 000000018001d3e0     LIBCMT:nlsdata2.obj
 0002:000013f0       ??_C@_19EPFLPGAP@?$AAJ?$AAu?$AAn?$AAe?$AA?$AA@ 000000018001d3f0     LIBCMT:nlsdata2.obj
 0002:00001400       ??_C@_1M@GJNLMHFD@?$AAA?$AAp?$AAr?$AAi?$AAl?$AA?$AA@ 000000018001d400     LIBCMT:nlsdata2.obj
 0002:00001410       ??_C@_1M@IKEENEDF@?$AAM?$AAa?$AAr?$AAc?$AAh?$AA?$AA@ 000000018001d410     LIBCMT:nlsdata2.obj
 0002:00001420       ??_C@_1BC@JGDDFFAM@?$AAF?$AAe?$AAb?$AAr?$AAu?$AAa?$AAr?$AAy?$AA?$AA@ 000000018001d420     LIBCMT:nlsdata2.obj
 0002:00001438       ??_C@_1BA@EFMEIEBA@?$AAJ?$AAa?$AAn?$AAu?$AAa?$AAr?$AAy?$AA?$AA@ 000000018001d438     LIBCMT:nlsdata2.obj
 0002:00001448       ??_C@_17EGKACKIF@?$AAD?$AAe?$AAc?$AA?$AA@ 000000018001d448     LIBCMT:nlsdata2.obj
 0002:00001450       ??_C@_17BBDMLCIG@?$AAN?$AAo?$AAv?$AA?$AA@ 000000018001d450     LIBCMT:nlsdata2.obj
 0002:00001458       ??_C@_17FNLKOI@?$AAO?$AAc?$AAt?$AA?$AA@ 000000018001d458     LIBCMT:nlsdata2.obj
 0002:00001460       ??_C@_17HCHCOKMG@?$AAS?$AAe?$AAp?$AA?$AA@ 000000018001d460     LIBCMT:nlsdata2.obj
 0002:00001468       ??_C@_17ICPELBCN@?$AAA?$AAu?$AAg?$AA?$AA@ 000000018001d468     LIBCMT:nlsdata2.obj
 0002:00001470       ??_C@_17IJPCKHK@?$AAJ?$AAu?$AAl?$AA?$AA@ 000000018001d470     LIBCMT:nlsdata2.obj
 0002:00001478       ??_C@_17KCJGOCPB@?$AAJ?$AAu?$AAn?$AA?$AA@ 000000018001d478     LIBCMT:nlsdata2.obj
 0002:00001480       ??_C@_17PNNKMEED@?$AAM?$AAa?$AAy?$AA?$AA@ 000000018001d480     LIBCMT:nlsdata2.obj
 0002:00001488       ??_C@_17LFPOIHDD@?$AAA?$AAp?$AAr?$AA?$AA@ 000000018001d488     LIBCMT:nlsdata2.obj
 0002:00001490       ??_C@_17CKNLEDEC@?$AAM?$AAa?$AAr?$AA?$AA@ 000000018001d490     LIBCMT:nlsdata2.obj
 0002:00001498       ??_C@_17LMDJEKJN@?$AAF?$AAe?$AAb?$AA?$AA@ 000000018001d498     LIBCMT:nlsdata2.obj
 0002:000014a0       ??_C@_17DKNBKCHM@?$AAJ?$AAa?$AAn?$AA?$AA@ 000000018001d4a0     LIBCMT:nlsdata2.obj
 0002:000014a8       ??_C@_1BC@ENMNNPAJ@?$AAS?$AAa?$AAt?$AAu?$AAr?$AAd?$AAa?$AAy?$AA?$AA@ 000000018001d4a8     LIBCMT:nlsdata2.obj
 0002:000014c0       ??_C@_1O@PDICJHAG@?$AAF?$AAr?$AAi?$AAd?$AAa?$AAy?$AA?$AA@ 000000018001d4c0     LIBCMT:nlsdata2.obj
 0002:000014d0       ??_C@_1BC@HHMNLIHE@?$AAT?$AAh?$AAu?$AAr?$AAs?$AAd?$AAa?$AAy?$AA?$AA@ 000000018001d4d0     LIBCMT:nlsdata2.obj
 0002:000014e8       ??_C@_1BE@EBOGMDOH@?$AAW?$AAe?$AAd?$AAn?$AAe?$AAs?$AAd?$AAa?$AAy?$AA?$AA@ 000000018001d4e8     LIBCMT:nlsdata2.obj
 0002:00001500       ??_C@_1BA@ENFBFFEK@?$AAT?$AAu?$AAe?$AAs?$AAd?$AAa?$AAy?$AA?$AA@ 000000018001d500     LIBCMT:nlsdata2.obj
 0002:00001510       ??_C@_1O@MMNBFLIA@?$AAM?$AAo?$AAn?$AAd?$AAa?$AAy?$AA?$AA@ 000000018001d510     LIBCMT:nlsdata2.obj
 0002:00001520       ??_C@_1O@IHNHDHPB@?$AAS?$AAu?$AAn?$AAd?$AAa?$AAy?$AA?$AA@ 000000018001d520     LIBCMT:nlsdata2.obj
 0002:00001530       ??_C@_17GGIBDPIH@?$AAS?$AAa?$AAt?$AA?$AA@ 000000018001d530     LIBCMT:nlsdata2.obj
 0002:00001538       ??_C@_17HFOLPPLP@?$AAF?$AAr?$AAi?$AA?$AA@ 000000018001d538     LIBCMT:nlsdata2.obj
 0002:00001540       ??_C@_17PDPHAADD@?$AAT?$AAh?$AAu?$AA?$AA@ 000000018001d540     LIBCMT:nlsdata2.obj
 0002:00001548       ??_C@_17CJEDCEPE@?$AAW?$AAe?$AAd?$AA?$AA@ 000000018001d548     LIBCMT:nlsdata2.obj
 0002:00001550       ??_C@_17BMKGEGOJ@?$AAT?$AAu?$AAe?$AA?$AA@ 000000018001d550     LIBCMT:nlsdata2.obj
 0002:00001558       ??_C@_17KBOMKBF@?$AAM?$AAo?$AAn?$AA?$AA@ 000000018001d558     LIBCMT:nlsdata2.obj
 0002:00001560       ??_C@_17MBGCMIPB@?$AAS?$AAu?$AAn?$AA?$AA@ 000000018001d560     LIBCMT:nlsdata2.obj
 0002:00001568       ??_C@_08JCCMCCIL@HH?3mm?3ss?$AA@ 000000018001d568     LIBCMT:nlsdata2.obj
 0002:00001578       ??_C@_0BE@CKGJFCPC@dddd?0?5MMMM?5dd?0?5yyyy?$AA@ 000000018001d578     LIBCMT:nlsdata2.obj
 0002:00001590       ??_C@_08BPBNCDIB@MM?1dd?1yy?$AA@ 000000018001d590     LIBCMT:nlsdata2.obj
 0002:0000159c       ??_C@_02CJNFDJBF@PM?$AA@   000000018001d59c     LIBCMT:nlsdata2.obj
 0002:000015a0       ??_C@_02DEDBPAFC@AM?$AA@   000000018001d5a0     LIBCMT:nlsdata2.obj
 0002:000015a8       ??_C@_08EDHMEBNP@December?$AA@ 000000018001d5a8     LIBCMT:nlsdata2.obj
 0002:000015b8       ??_C@_08HCHEGEOA@November?$AA@ 000000018001d5b8     LIBCMT:nlsdata2.obj
 0002:000015c8       ??_C@_07JJNFCEND@October?$AA@ 000000018001d5c8     LIBCMT:nlsdata2.obj
 0002:000015d0       ??_C@_09BHHEALKD@September?$AA@ 000000018001d5d0     LIBCMT:nlsdata2.obj
 0002:000015dc       ??_C@_06LBBHFDDG@August?$AA@ 000000018001d5dc     LIBCMT:nlsdata2.obj
 0002:000015e4       ??_C@_04MIEPOIFP@July?$AA@ 000000018001d5e4     LIBCMT:nlsdata2.obj
 0002:000015ec       ??_C@_04CNLMGBGM@June?$AA@ 000000018001d5ec     LIBCMT:nlsdata2.obj
 0002:000015f4       ??_C@_05DMJDNLEJ@April?$AA@ 000000018001d5f4     LIBCMT:nlsdata2.obj
 0002:000015fc       ??_C@_05HPCKOFNC@March?$AA@ 000000018001d5fc     LIBCMT:nlsdata2.obj
 0002:00001608       ??_C@_08GNJGEPFN@February?$AA@ 000000018001d608     LIBCMT:nlsdata2.obj
 0002:00001618       ??_C@_07CGJPFGJA@January?$AA@ 000000018001d618     LIBCMT:nlsdata2.obj
 0002:00001620       ??_C@_03MKABNOCG@Dec?$AA@  000000018001d620     LIBCMT:nlsdata2.obj
 0002:00001624       ??_C@_03JPJOFNIA@Nov?$AA@  000000018001d624     LIBCMT:nlsdata2.obj
 0002:00001628       ??_C@_03BMAOKBAD@Oct?$AA@  000000018001d628     LIBCMT:nlsdata2.obj
 0002:0000162c       ??_C@_03GGCAPAJC@Sep?$AA@  000000018001d62c     LIBCMT:nlsdata2.obj
 0002:00001630       ??_C@_03IFJFEIGA@Aug?$AA@  000000018001d630     LIBCMT:nlsdata2.obj
 0002:00001634       ??_C@_03LBGABGKK@Jul?$AA@  000000018001d634     LIBCMT:nlsdata2.obj
 0002:00001638       ??_C@_03IDFGHECI@Jun?$AA@  000000018001d638     LIBCMT:nlsdata2.obj
 0002:0000163c       ??_C@_03CNMDKL@May?$AA@    000000018001d63c     LIBCMT:nlsdata2.obj
 0002:00001640       ??_C@_03LEOLGMJP@Apr?$AA@  000000018001d640     LIBCMT:nlsdata2.obj
 0002:00001644       ??_C@_03ODNJBKGA@Mar?$AA@  000000018001d644     LIBCMT:nlsdata2.obj
 0002:00001648       ??_C@_03HJBDCHOM@Feb?$AA@  000000018001d648     LIBCMT:nlsdata2.obj
 0002:0000164c       ??_C@_03JIHJHPIE@Jan?$AA@  000000018001d64c     LIBCMT:nlsdata2.obj
 0002:00001650       ??_C@_08INBOOONO@Saturday?$AA@ 000000018001d650     LIBCMT:nlsdata2.obj
 0002:0000165c       ??_C@_06JECMNKMI@Friday?$AA@ 000000018001d65c     LIBCMT:nlsdata2.obj
 0002:00001668       ??_C@_08HACCIKIA@Thursday?$AA@ 000000018001d668     LIBCMT:nlsdata2.obj
 0002:00001678       ??_C@_09DLIGFAKA@Wednesday?$AA@ 000000018001d678     LIBCMT:nlsdata2.obj
 0002:00001688       ??_C@_07BAAGCFCM@Tuesday?$AA@ 000000018001d688     LIBCMT:nlsdata2.obj
 0002:00001690       ??_C@_06JLEDEDGH@Monday?$AA@ 000000018001d690     LIBCMT:nlsdata2.obj
 0002:00001698       ??_C@_06OOPIFAJ@Sunday?$AA@ 000000018001d698     LIBCMT:nlsdata2.obj
 0002:000016a0       ??_C@_03FEFJNEK@Sat?$AA@   000000018001d6a0     LIBCMT:nlsdata2.obj
 0002:000016a4       ??_C@_03IDIOELNC@Fri?$AA@  000000018001d6a4     LIBCMT:nlsdata2.obj
 0002:000016a8       ??_C@_03IOFIKPDN@Thu?$AA@  000000018001d6a8     LIBCMT:nlsdata2.obj
 0002:000016ac       ??_C@_03MHOMLAJA@Wed?$AA@  000000018001d6ac     LIBCMT:nlsdata2.obj
 0002:000016b0       ??_C@_03NAGEINEP@Tue?$AA@  000000018001d6b0     LIBCMT:nlsdata2.obj
 0002:000016b4       ??_C@_03PDAGKDH@Mon?$AA@   000000018001d6b4     LIBCMT:nlsdata2.obj
 0002:000016b8       ??_C@_03KOEHGMDN@Sun?$AA@  000000018001d6b8     LIBCMT:nlsdata2.obj
 0002:000016c0       __lookuptable_s            000000018001d6c0     LIBCMT:outputs.obj
 0002:00001720       ??_C@_0BI@DFKBFLJE@GetProcessWindowStation?$AA@ 000000018001d720     LIBCMT:crtmboxw.obj
 0002:00001738       ??_C@_0BK@DEKFELLI@GetUserObjectInformationW?$AA@ 000000018001d738     LIBCMT:crtmboxw.obj
 0002:00001758       ??_C@_0BD@HHGDFDBJ@GetLastActivePopup?$AA@ 000000018001d758     LIBCMT:crtmboxw.obj
 0002:00001770       ??_C@_0BA@HNOPNCHB@GetActiveWindow?$AA@ 000000018001d770     LIBCMT:crtmboxw.obj
 0002:00001780       ??_C@_0M@DLDCCGNP@MessageBoxW?$AA@ 000000018001d780     LIBCMT:crtmboxw.obj
 0002:00001790       ??_C@_1BG@GOEBHBDC@?$AAU?$AAS?$AAE?$AAR?$AA3?$AA2?$AA?4?$AAD?$AAL?$AAL?$AA?$AA@ 000000018001d790     LIBCMT:crtmboxw.obj
 0002:000017c0       __newctype                 000000018001d7c0     LIBCMT:ctype.obj
 0002:00001ac0       _wctype                    000000018001dac0     LIBCMT:ctype.obj
 0002:00001cd0       __newclmap                 000000018001dcd0     LIBCMT:ctype.obj
 0002:00001e50       __newcumap                 000000018001de50     LIBCMT:ctype.obj
 0002:00001fd0       ??_C@_1BA@BALFACEM@?$AAC?$AAO?$AAN?$AAO?$AAU?$AAT?$AA$?$AA?$AA@ 000000018001dfd0     LIBCMT:initcon.obj
 0002:00002060       ??_C@_05DFCKICEH@1?42?45?$AA@ 000000018001e060     compress.obj
 0002:00002070       z_errmsg                   000000018001e070     zutil.obj
 0002:000020c0       zip_copyright              000000018001e0c0     zip.obj
 0002:00002110       unz_copyright              000000018001e110     unzip.obj
 0002:00002810       _dist_code                 000000018001e810     trees.obj
 0002:00002a10       _length_code               000000018001ea10     trees.obj
 0002:00002c08       inflate_copyright          000000018001ec08     inftrees.obj
 0002:00003e40       deflate_copyright          000000018001fe40     deflate.obj
 0002:00005f30       ??_C@_07EBNKNFJN@?$DMfd?3?$CFd?$DO?$AA@ 0000000180021f30     gzlib.obj
 0002:00005f38       ??_C@_00CNPNBAHC@?$AA@     0000000180021f38     gzlib.obj
 0002:00005f40       ??_C@_0O@BNNCBLEN@out?5of?5memory?$AA@ 0000000180021f40     gzlib.obj
 0002:00005f50       ??_C@_02LMMGGCAJ@?3?5?$AA@ 0000000180021f50     gzlib.obj
 0002:00005f58       ??_C@_0BL@IHKGDAEE@unknown?5compression?5method?$AA@ 0000000180021f58     gzread.obj
 0002:00005f78       ??_C@_0BJ@BLBBCOMO@unknown?5header?5flags?5set?$AA@ 0000000180021f78     gzread.obj
 0002:00005f98       ??_C@_0BH@CFIIDOJD@unexpected?5end?5of?5file?$AA@ 0000000180021f98     gzread.obj
 0002:00005fb0       ??_C@_0CH@CPOLIEKA@internal?5error?3?5inflate?5stream?5c@ 0000000180021fb0     gzread.obj
 0002:00005fd8       ??_C@_0BG@HCKBMIHF@compressed?5data?5error?$AA@ 0000000180021fd8     gzread.obj
 0002:00005ff0       ??_C@_0BF@MEIGEHBE@incorrect?5data?5check?$AA@ 0000000180021ff0     gzread.obj
 0002:00006008       ??_C@_0BH@FGKKJGOC@incorrect?5length?5check?$AA@ 0000000180022008     gzread.obj
 0002:00006020       ??_C@_0CF@MLPJFDMM@requested?5length?5does?5not?5fit?5in@ 0000000180022020     gzread.obj
 0002:00006048       ??_C@_0BP@IIKIGMCC@out?5of?5room?5to?5push?5characters?$AA@ 0000000180022048     gzread.obj
 0002:00006068       ??_C@_0CH@DEEGAHIB@internal?5error?3?5deflate?5stream?5c@ 0000000180022068     gzwrite.obj
 0002:00006090       ??_C@_0BD@PJCBIDD@invalid?5block?5type?$AA@ 0000000180022090     infback.obj
 0002:000060a8       ??_C@_0BN@LGAADGOK@invalid?5stored?5block?5lengths?$AA@ 00000001800220a8     infback.obj
 0002:000060c8       ??_C@_0CE@GMIGFPBB@too?5many?5length?5or?5distance?5symb@ 00000001800220c8     infback.obj
 0002:000060f0       ??_C@_0BJ@HDEPPGOH@invalid?5code?5lengths?5set?$AA@ 00000001800220f0     infback.obj
 0002:00006110       ??_C@_0BK@BMMPFBBH@invalid?5bit?5length?5repeat?$AA@ 0000000180022110     infback.obj
 0002:00006130       ??_C@_0CF@DGDMADCD@invalid?5code?5?9?9?5missing?5end?9of?9b@ 0000000180022130     infback.obj
 0002:00006158       ??_C@_0BM@IIMGAINC@invalid?5literal?1lengths?5set?$AA@ 0000000180022158     infback.obj
 0002:00006178       ??_C@_0BG@GMDFCBGP@invalid?5distances?5set?$AA@ 0000000180022178     infback.obj
 0002:00006190       ??_C@_0BM@FFFLPBBC@invalid?5literal?1length?5code?$AA@ 0000000180022190     infback.obj
 0002:000061b0       ??_C@_0BG@LBKINIKP@invalid?5distance?5code?$AA@ 00000001800221b0     infback.obj
 0002:000061c8       ??_C@_0BO@ECPMAOGG@invalid?5distance?5too?5far?5back?$AA@ 00000001800221c8     infback.obj
 0002:000061e8       ??_C@_0BH@LIBMMIGA@incorrect?5header?5check?$AA@ 00000001800221e8     inflate.obj
 0002:00006200       ??_C@_0BE@EMOGCLGO@invalid?5window?5size?$AA@ 0000000180022200     inflate.obj
 0002:00006218       ??_C@_0BE@GONKLEPM@header?5crc?5mismatch?$AA@ 0000000180022218     inflate.obj
 0002:0000622c       ??_C@_02JDPG@rb?$AA@       000000018002222c     ioapi.obj
 0002:00006230       ??_C@_03HMFOOINA@r?$CLb?$AA@ 0000000180022230     ioapi.obj
 0002:00006234       ??_C@_02GMLFBBN@wb?$AA@    0000000180022234     ioapi.obj
 0002:00006238       ??_C@_01JOAMLHOP@?9?$AA@   0000000180022238     zip.obj
 0002:00006240       ??_C@_0BF@CJFPCCEG@incompatible?5version?$AA@ 0000000180022240     zutil.obj
 0002:00006258       ??_C@_0N@DFPGLBGC@buffer?5error?$AA@ 0000000180022258     zutil.obj
 0002:00006268       ??_C@_0BE@OGGJBMCE@insufficient?5memory?$AA@ 0000000180022268     zutil.obj
 0002:00006280       ??_C@_0L@HAHMBNLP@data?5error?$AA@ 0000000180022280     zutil.obj
 0002:00006290       ??_C@_0N@MKKNPMJD@stream?5error?$AA@ 0000000180022290     zutil.obj
 0002:000062a0       ??_C@_0L@KIJFAKBJ@file?5error?$AA@ 00000001800222a0     zutil.obj
 0002:000062b0       ??_C@_0L@FNAOCBOG@stream?5end?$AA@ 00000001800222b0     zutil.obj
 0002:000062c0       ??_C@_0BA@MOKMMFOD@need?5dictionary?$AA@ 00000001800222c0     zutil.obj
 0002:000062d0       __rtc_iaa                  00000001800222d0     LIBCMT:_initsect_.obj
 0002:000062d8       __rtc_izz                  00000001800222d8     LIBCMT:_initsect_.obj
 0002:000062e0       __rtc_taa                  00000001800222e0     LIBCMT:_initsect_.obj
 0002:000062e8       __rtc_tzz                  00000001800222e8     LIBCMT:_initsect_.obj
 0002:00007710       __IMPORT_DESCRIPTOR_KERNEL32 0000000180023710     kernel32:KERNEL32.dll
 0002:00007724       __NULL_IMPORT_DESCRIPTOR   0000000180023724     kernel32:KERNEL32.dll
 0003:00000170       __nullstring               0000000180025170     LIBCMT:output.obj
 0003:00000178       __wnullstring              0000000180025178     LIBCMT:output.obj
 0003:00000180       _sys_errlist               0000000180025180     LIBCMT:syserr.obj
 0003:000002e0       _sys_nerr                  00000001800252e0     LIBCMT:syserr.obj
 0003:000002e4       __flsindex                 00000001800252e4     LIBCMT:tidtable.obj
 0003:000002f0       _lookuptrailbytes          00000001800252f0     LIBCMT:read.obj
 0003:000003f0       __badioinfo                00000001800253f0     LIBCMT:ioinit.obj
 0003:00000448       __security_cookie          0000000180025448     LIBCMT:gs_cookie.obj
 0003:00000450       __security_cookie_complement 0000000180025450     LIBCMT:gs_cookie.obj
 0003:00000460       _iob                       0000000180025460     LIBCMT:_file.obj
 0003:00000820       __initialmbcinfo           0000000180025820     LIBCMT:mbctype.obj
 0003:00000a40       _mbctype                   0000000180025a40     LIBCMT:mbctype.obj
 0003:00000b50       _mbcasemap                 0000000180025b50     LIBCMT:mbctype.obj
 0003:00000c50       __ptmbcinfo                0000000180025c50     LIBCMT:mbctype.obj
 0003:00000d50       __globallocalestatus       0000000180025d50     LIBCMT:glstatus.obj
 0003:00000d54       __clocalestr               0000000180025d54     LIBCMT:nlsdata2.obj
 0003:00000d60       __lc_time_c                0000000180025d60     LIBCMT:nlsdata2.obj
 0003:00001020       __initiallocinfo           0000000180026020     LIBCMT:nlsdata2.obj
 0003:00001180       __ptlocinfo                0000000180026180     LIBCMT:nlsdata2.obj
 0003:00001190       _cfltcvt_tab               0000000180026190     LIBCMT:cmiscdat.obj
 0003:00001420       __lconv_static_decimal     0000000180026420     LIBCMT:lconv.obj
 0003:00001424       __lconv_static_W_decimal   0000000180026424     LIBCMT:lconv.obj
 0003:00001428       __lconv                    0000000180026428     LIBCMT:lconv.obj
 0003:00001430       __lconv_c                  0000000180026430     LIBCMT:lconv.obj
 0003:000014c8       _pctype                    00000001800264c8     LIBCMT:ctype.obj
 0003:000014d0       _pwctype                   00000001800264d0     LIBCMT:ctype.obj
 0003:000014d8       __abort_behavior           00000001800264d8     LIBCMT:abort.obj
 0003:000014e0       _confh                     00000001800264e0     LIBCMT:initcon.obj
 0003:000014f0       __mb_cur_max               00000001800264f0     LIBCMT:nlsdata1.obj
 0003:000014f4       __decimal_point            00000001800264f4     LIBCMT:nlsdata1.obj
 0003:000014f8       __decimal_point_length     00000001800264f8     LIBCMT:nlsdata1.obj
 0003:00001564       __error_mode               0000000180026564     LIBCMT:dllcrt0.obj
 0003:00001568       _aenvptr                   0000000180026568     LIBCMT:dllcrt0.obj
 0003:00001570       _wenvptr                   0000000180026570     LIBCMT:dllcrt0.obj
 0003:00001578       __app_type                 0000000180026578     LIBCMT:dllcrt0.obj
 0003:00001580       __pInvalidArgHandler       0000000180026580     LIBCMT:invarg.obj
 0003:00001588       _crtheap                   0000000180026588     LIBCMT:heapinit.obj
 0003:00001590       _umaskval                  0000000180026590     LIBCMT:crt0dat.obj
 0003:00001594       __argc                     0000000180026594     LIBCMT:crt0dat.obj
 0003:00001598       __argv                     0000000180026598     LIBCMT:crt0dat.obj
 0003:000015a0       __wargv                    00000001800265a0     LIBCMT:crt0dat.obj
 0003:000015a8       _environ                   00000001800265a8     LIBCMT:crt0dat.obj
 0003:000015b0       __initenv                  00000001800265b0     LIBCMT:crt0dat.obj
 0003:000015b8       _wenviron                  00000001800265b8     LIBCMT:crt0dat.obj
 0003:000015c0       __winitenv                 00000001800265c0     LIBCMT:crt0dat.obj
 0003:000015c8       _pgmptr                    00000001800265c8     LIBCMT:crt0dat.obj
 0003:000015d0       _wpgmptr                   00000001800265d0     LIBCMT:crt0dat.obj
 0003:000015d8       _exitflag                  00000001800265d8     LIBCMT:crt0dat.obj
 0003:000015dc       _C_Termination_Done        00000001800265dc     LIBCMT:crt0dat.obj
 0003:000015e0       _C_Exit_Done               00000001800265e0     LIBCMT:crt0dat.obj
 0003:00001c18       ?_pnhHeap@@3P6AH_K@ZEA     0000000180026c18     LIBCMT:handler.obj
 0003:00001c20       _newmode                   0000000180026c20     LIBCMT:_newmode.obj
 0003:00001c24       _maxwait                   0000000180026c24     LIBCMT:crtheap.obj
 0003:00001c28       _cflush                    0000000180026c28     LIBCMT:_file.obj
 0003:00001d40       __mbulinfo                 0000000180026d40     LIBCMT:mbctype.obj
 0003:00001d4c       __mbcodepage               0000000180026d4c     LIBCMT:mbctype.obj
 0003:00001d50       __ismbcodepage             0000000180026d50     LIBCMT:mbctype.obj
 0003:00001d54       __mblcid                   0000000180026d54     LIBCMT:mbctype.obj
 0003:00001f90       ?__pInconsistency@@3P6AXXZEA 0000000180026f90     LIBCMT:hooks.obj
 0003:00001fc8       __pPurecall                0000000180026fc8     LIBCMT:inithelp.obj
 0003:00002570       _commode                   0000000180027570     LIBCMT:ncommode.obj
 0003:00002574       __lconv_static_null        0000000180027574     LIBCMT:lconv.obj
 0003:00002578       __lconv_static_W_null      0000000180027578     LIBCMT:lconv.obj
 0003:00002580       _stdbuf                    0000000180027580     LIBCMT:_sftbuf.obj
 0003:00002590       __locale_changed           0000000180027590     LIBCMT:setlocal.obj
 0003:00002594       _fmode                     0000000180027594     LIBCMT:txtmode.obj
 0003:0000259c       _debugger_hook_dummy       000000018002759c     <common>
 0003:000025a0       __piob                     00000001800275a0     <common>
 0003:000025c0       _bufin                     00000001800275c0     <common>
 0003:000035c0       _nstream                   00000001800285c0     <common>
 0003:000035c8       _pDestructExceptionObject  00000001800285c8     <common>
 0003:000035d0       _nhandle                   00000001800285d0     <common>
 0003:000035e0       __pioinfo                  00000001800285e0     <common>
 0003:000037e0       __env_initialized          00000001800287e0     <common>
 0003:000037e8       __onexitend                00000001800287e8     <common>
 0003:000037f0       __onexitbegin              00000001800287f0     <common>
 0003:000037f8       __mbctype_initialized      00000001800287f8     <common>
 0003:00003800       _FPinit                    0000000180028800     <common>
 0003:00003808       __dyn_tls_init_callback    0000000180028808     <common>
 0003:00003810       _acmdln                    0000000180028810     <common>

 entry point at        0001:00005a30

 Static symbols

 0001:00000000       flush_pending              0000000180001000 f    CIL library: CIL module
 0001:000004e0       updatewindow               00000001800014e0 f    CIL library: CIL module
 0001:00001d80       fill_window                0000000180002d80 f    CIL library: CIL module
 0001:00001f80       deflate_slow               0000000180002f80 f    CIL library: CIL module
 0001:00002400       scan_tree                  0000000180003400 f    CIL library: CIL module
 0001:00002720       build_tree                 0000000180003720 f    CIL library: CIL module
 0001:00002bc0       gen_bitlen                 0000000180003bc0 f    CIL library: CIL module
 0001:00002d10       send_all_trees             0000000180003d10 f    CIL library: CIL module
 0001:00002ec0       send_tree                  0000000180003ec0 f    CIL library: CIL module
 0001:00003400       compress_block             0000000180004400 f    CIL library: CIL module
 0001:00003c60       init_block                 0000000180004c60 f    CIL library: CIL module
 0001:00003ce0       lm_init                    0000000180004ce0 f    CIL library: CIL module
 0001:00003fd0       detect_data_type           0000000180004fd0 f    CIL library: CIL module
 0001:00004020       bi_windup                  0000000180005020 f    CIL library: CIL module
 0001:00005914       __DllMainCRTStartup        0000000180006914 f   LIBCMT:dllcrt0.obj
 0001:00005ca4       write_char                 0000000180006ca4 f   LIBCMT:output.obj
 0001:00005cec       write_multi_char           0000000180006cec f   LIBCMT:output.obj
 0001:00005d40       write_string               0000000180006d40 f   LIBCMT:output.obj
 0001:00006c94       _initterm                  0000000180007c94 f   LIBCMT:crt0dat.obj
 0001:00006db4       doexit                     0000000180007db4 f   LIBCMT:crt0dat.obj
 0001:00008b4c       flsall                     0000000180009b4c f   LIBCMT:fflush.obj
 0001:0000a294       parse_cmdline              000000018000b294 f   LIBCMT:stdargv.obj
 0001:0000aa14       ?setSBCS@@YAXPEAUthreadmbcinfostruct@@@Z 000000018000ba14 f   LIBCMT:mbctype.obj
 0001:0000aaa0       ?setSBUpLow@@YAXPEAUthreadmbcinfostruct@@@Z 000000018000baa0 f   LIBCMT:mbctype.obj
 0001:0000ad4c       ?getSystemCP@@YAHH@Z       000000018000bd4c f   LIBCMT:mbctype.obj
 0001:0000cda4       _tsopen_nolock             000000018000dda4 f   LIBCMT:open.obj
 0001:0000dc60       ?x_ismbbtype_l@@YAHPEAUlocaleinfo_struct@@IHH@Z 000000018000ec60 f   LIBCMT:ismbbyte.obj
 0001:0000dcf0       ?__crtLCMapStringA_stat@@YAHPEAUlocaleinfo_struct@@KKPEBDHPEADHHH@Z 000000018000ecf0 f   LIBCMT:a_map.obj
 0001:0000e054       ?__crtGetStringTypeA_stat@@YAHPEAUlocaleinfo_struct@@KPEBDHPEAGHHH@Z 000000018000f054 f   LIBCMT:a_str.obj
 0001:0000f170       _fseeki64$fin$0            0000000180010170 f   LIBCMT:ftelli64.obj
 0001:0000f170       fclose$fin$0               0000000180010170 f   LIBCMT:ftelli64.obj
 0001:0000f170       _ftelli64$fin$0            0000000180010170 f   LIBCMT:ftelli64.obj
 0001:0000f18a       _fsopen$fin$0              000000018001018a f   LIBCMT:fopen.obj
 0001:0000f1a4       fread_s$fin$0              00000001800101a4 f   LIBCMT:fread.obj
 0001:0000f1be       fwrite$fin$0               00000001800101be f   LIBCMT:fwrite.obj
 0001:0000f1d8       _CRT_INIT$fin$0            00000001800101d8 f   LIBCMT:dllcrt0.obj
 0001:0000f1fe       __DllMainCRTStartup$filt$0 00000001800101fe f   LIBCMT:dllcrt0.obj
 0001:0000f21c       doexit$fin$0               000000018001021c f   LIBCMT:crt0dat.obj
 0001:0000f240       _freefls$fin$1             0000000180010240 f   LIBCMT:tidtable.obj
 0001:0000f240       _initptd$fin$1             0000000180010240 f   LIBCMT:tidtable.obj
 0001:0000f260       _initptd$fin$0             0000000180010260 f   LIBCMT:tidtable.obj
 0001:0000f260       _freefls$fin$0             0000000180010260 f   LIBCMT:tidtable.obj
 0001:0000f27b       _lseek$fin$0               000000018001027b f   LIBCMT:read.obj
 0001:0000f27b       _write$fin$0               000000018001027b f   LIBCMT:read.obj
 0001:0000f27b       _lseeki64$fin$0            000000018001027b f   LIBCMT:read.obj
 0001:0000f27b       _read$fin$0                000000018001027b f   LIBCMT:read.obj
 0001:0000f294       flsall$fin$0               0000000180010294 f   LIBCMT:fflush.obj
 0001:0000f2c4       flsall$fin$1               00000001800102c4 f   LIBCMT:fflush.obj
 0001:0000f2df       _setmbcp$fin$0             00000001800102df f   LIBCMT:mbctype.obj
 0001:0000f2df       __updatetmbcinfo$fin$0     00000001800102df f   LIBCMT:mbctype.obj
 0001:0000f2fa       __updatetlocinfo$fin$0     00000001800102fa f   LIBCMT:localref.obj
 0001:0000f315       _mtinitlocknum$fin$0       0000000180010315 f   LIBCMT:mlock.obj
 0001:0000f333       raise$fin$0                0000000180010333 f   LIBCMT:winsig.obj
 0001:0000f351       _onexit$fin$0              0000000180010351 f   LIBCMT:onexit.obj
 0001:0000f370       _IsNonwritableInCurrentImage$filt$0 0000000180010370 f   LIBCMT:pesect.obj
 0001:0000f392       __lock_fhandle$fin$0       0000000180010392 f   LIBCMT:osfinfo.obj
 0001:0000f3ad       _alloc_osfhnd$fin$0        00000001800103ad f   LIBCMT:osfinfo.obj
 0001:0000f3cd       _alloc_osfhnd$fin$1        00000001800103cd f   LIBCMT:osfinfo.obj
 0001:0000f3e8       _fcloseall$fin$0           00000001800103e8 f   LIBCMT:closeall.obj
 0001:0000f3e8       _getstream$fin$0           00000001800103e8 f   LIBCMT:closeall.obj
 0001:0000f403       _commit$fin$0              0000000180010403 f   LIBCMT:commit.obj
 0001:0000f403       _close$fin$0               0000000180010403 f   LIBCMT:commit.obj
 0001:0000f41c       _open$fin$0                000000018001041c f   LIBCMT:open.obj
 0001:0000f46a       _sopen_helper$fin$0        000000018001046a f   LIBCMT:open.obj
 0001:00011040       zip64local_TmzDateToDosDate 0000000180012040 f    CIL library: CIL module
 0001:00011090       zip64local_putValue_inmemory 0000000180012090 f    CIL library: CIL module
 0001:000110d0       zip64local_putValue        00000001800120d0 f    CIL library: CIL module
 0001:00011150       free_datablock             0000000180012150 f    CIL library: CIL module
 0001:00011170       allocate_new_datablock     0000000180012170 f    CIL library: CIL module
 0001:00011270       unz64local_DosDateToTmuDate 0000000180012270 f    CIL library: CIL module
 0001:00011310       strcmpcasenosensitive_internal 0000000180012310 f    CIL library: CIL module
 0001:00011360       unz64local_getByte         0000000180012360 f    CIL library: CIL module
 0001:00011360       zip64local_getByte         0000000180012360 f    CIL library: CIL module
 0001:000113c0       bi_flush                   00000001800123c0 f    CIL library: CIL module
 0001:00011920       win32_build_iowin          0000000180012920 f    CIL library: CIL module
 0001:00011980       win32_translate_open_mode  0000000180012980 f    CIL library: CIL module
 0001:000119e0       ferror_file_func           00000001800129e0 f    CIL library: CIL module
 0001:000119f0       fclose_file_func           00000001800129f0 f    CIL library: CIL module
 0001:00011a00       fseek64_file_func          0000000180012a00 f    CIL library: CIL module
 0001:00011a50       ftell64_file_func          0000000180012a50 f    CIL library: CIL module
 0001:00011a60       fwrite_file_func           0000000180012a60 f    CIL library: CIL module
 0001:00011a80       fread_file_func            0000000180012a80 f    CIL library: CIL module
 0001:00011aa0       fopen64_file_func          0000000180012aa0 f    CIL library: CIL module
 0001:00011db0       syncsearch                 0000000180012db0 f    CIL library: CIL module
 0001:00012230       gz_reset                   0000000180013230 f    CIL library: CIL module
 0001:00012420       gf2_matrix_times           0000000180013420 f    CIL library: CIL module
 0001:00012440       crc32_little               0000000180013440 f    CIL library: CIL module
 0001:00012790       adler32_combine_           0000000180013790 f    CIL library: CIL module
 0001:00012bb0       zip64FlushWriteBuffer      0000000180013bb0 f    CIL library: CIL module
 0001:00012f40       zip64local_getLong64       0000000180013f40 f    CIL library: CIL module
 0001:000130a0       zip64local_getLong         00000001800140a0 f    CIL library: CIL module
 0001:00013170       zip64local_getShort        0000000180014170 f    CIL library: CIL module
 0001:000131f0       add_data_in_datablock      00000001800141f0 f    CIL library: CIL module
 0001:000132b0       init_keys                  00000001800142b0 f    CIL library: CIL module
 0001:000135a0       unz64local_SearchCentralDir 00000001800145a0 f    CIL library: CIL module
 0001:000135a0       zip64local_SearchCentralDir 00000001800145a0 f    CIL library: CIL module
 0001:00013730       unz64local_getLong64       0000000180014730 f    CIL library: CIL module
 0001:00013890       unz64local_getLong         0000000180014890 f    CIL library: CIL module
 0001:00013960       unz64local_getShort        0000000180014960 f    CIL library: CIL module
 0001:000139e0       copy_block                 00000001800149e0 f    CIL library: CIL module
 0001:00014ca0       gz_load                    0000000180015ca0 f    CIL library: CIL module
 0001:00014da0       gz_open                    0000000180015da0 f    CIL library: CIL module
 0001:00014f60       read_buf                   0000000180015f60 f    CIL library: CIL module
 0001:00015310       gf2_matrix_square          0000000180016310 f    CIL library: CIL module
 0001:00015360       zip64local_SearchCentralDir64 0000000180016360 f    CIL library: CIL module
 0001:00015580       crypthead                  0000000180016580 f    CIL library: CIL module
 0001:00015a50       unz64local_CheckCurrentFileCoherencyHeader 0000000180016a50 f    CIL library: CIL module
 0001:00015c70       unz64local_GetCurrentFileInfoInternal 0000000180016c70 f    CIL library: CIL module
 0001:00016140       unz64local_SearchCentralDir64 0000000180017140 f    CIL library: CIL module
 0001:00016480       gz_init                    0000000180017480 f    CIL library: CIL module
 0001:00016580       gz_avail                   0000000180017580 f    CIL library: CIL module
 0001:00016760       crc32_combine_             0000000180017760 f    CIL library: CIL module
 0001:000170e0       unzOpenInternal            00000001800180e0 f    CIL library: CIL module
 0001:000174d0       gz_head                    00000001800184d0 f    CIL library: CIL module
 0001:00017980       gz_next4                   0000000180018980 f    CIL library: CIL module
 0001:00017aa0       deflate_huff               0000000180018aa0 f    CIL library: CIL module
 0001:00017c20       deflate_rle                0000000180018c20 f    CIL library: CIL module
 0001:00017f10       deflate_fast               0000000180018f10 f    CIL library: CIL module
 0001:000182c0       deflate_stored             00000001800192c0 f    CIL library: CIL module
 0001:00019150       gz_comp                    000000018001a150 f    CIL library: CIL module
 0001:00019290       gz_decomp                  000000018001a290 f    CIL library: CIL module
 0001:00019ad0       gz_zero                    000000018001aad0 f    CIL library: CIL module
 0001:00019b70       gz_make                    000000018001ab70 f    CIL library: CIL module
 0001:0001a4e0       gz_skip                    000000018001b4e0 f    CIL library: CIL module
